[2026-05-04 15:07:30] Removed cached token: C:\Users\User\Desktop\spot_backup_20260504_142342\.spotify_token_cache
[2026-05-04 15:07:36] Авторизован: Denis Letov (312hv5teusqbiqhir3pcwobmylcu)
[2026-05-04 15:07:36] Тип аккаунта: premium, страна: KZ
[2026-05-04 15:08:55] Авторизован: Denis Letov (312hv5teusqbiqhir3pcwobmylcu)
[2026-05-04 15:08:55] Тип аккаунта: premium, страна: KZ
[2026-05-04 15:08:55] Загружено 2639 треков из: C:\Users\User\Downloads\Текстовый документ.txt
[2026-05-04 15:08:55] Создаем плейлист...
[2026-05-04 15:08:59] Create playlist via /users/{id}/playlists was forbidden. Retrying via /me/playlists...
[2026-05-04 15:08:59] Плейлист создан: https://open.spotify.com/playlist/4KibPJhOpziyPVUGxTjLyL
[2026-05-04 15:08:59] Начинаем импорт треков...
[2026-05-04 15:08:59] Обрабатываем трек 1/2639...
[2026-05-04 15:10:53] Пауза
[2026-05-04 15:10:54] Продолжено
[2026-05-04 15:56:16] Removed cached token: C:\Users\User\Desktop\spot_backup_20260504_142342\.spotify_token_cache
[2026-05-04 15:56:20] Авторизован: Denis Letov (312hv5teusqbiqhir3pcwobmylcu)
[2026-05-04 15:56:20] Тип аккаунта: premium, страна: KZ
[2026-05-04 15:56:34] Авторизован: Denis Letov (312hv5teusqbiqhir3pcwobmylcu)
[2026-05-04 15:56:34] Тип аккаунта: premium, страна: KZ
[2026-05-04 15:56:34] Загружено 2639 треков из: C:\Users\User\Downloads\Текстовый документ.txt
[2026-05-04 15:56:34] Создаем плейлист...
[2026-05-04 15:56:38] Create playlist via /users/{id}/playlists was forbidden. Retrying via /me/playlists...
[2026-05-04 15:56:38] Плейлист создан: https://open.spotify.com/playlist/6j1PZLtgMaKakHCKWylN5e
[2026-05-04 15:56:38] Начинаем импорт треков...
[2026-05-04 15:56:38] Обрабатываем трек 1/2639...
[2026-05-04 15:56:38] Сейчас: The Chemical Brothers - The Salmon Dance
[2026-05-04 15:56:38] [Ошибка] Ошибка импорта: Превышен лимит запросов Spotify API. Повторите импорт позже и нажмите 'Продолжить после сбоя'.
[2026-05-04 15:57:30] Авторизован: Denis Letov (312hv5teusqbiqhir3pcwobmylcu)
[2026-05-04 15:57:30] Тип аккаунта: premium, страна: KZ
[2026-05-04 15:57:30] Загружено 2639 треков из: C:\Users\User\Downloads\Текстовый документ.txt
[2026-05-04 15:57:30] Продолжаем с трека 1/2639...
[2026-05-04 15:57:30] Начинаем импорт треков...
[2026-05-04 15:57:30] Обрабатываем трек 1/2639...
[2026-05-04 15:57:30] Сейчас: The Chemical Brothers - The Salmon Dance
[2026-05-04 15:57:30] [Ошибка] Ошибка импорта: Превышен лимит запросов Spotify API. Повторите импорт позже и нажмите 'Продолжить после сбоя'.
[2026-05-04 15:57:33] Авторизован: Denis Letov (312hv5teusqbiqhir3pcwobmylcu)
[2026-05-04 15:57:33] Тип аккаунта: premium, страна: KZ
[2026-05-04 15:57:33] Загружено 2639 треков из: C:\Users\User\Downloads\Текстовый документ.txt
[2026-05-04 15:57:33] Продолжаем с трека 1/2639...
[2026-05-04 15:57:33] Начинаем импорт треков...
[2026-05-04 15:57:33] Обрабатываем трек 1/2639...
[2026-05-04 15:57:33] Сейчас: The Chemical Brothers - The Salmon Dance
[2026-05-04 15:57:34] [Ошибка] Ошибка импорта: Превышен лимит запросов Spotify API. Повторите импорт позже и нажмите 'Продолжить после сбоя'.
[2026-05-04 16:28:29] Removed cached token: C:\Users\User\Desktop\spot_backup_20260504_142342\.spotify_token_cache
[2026-05-04 16:28:45] Авторизован: Denis Letov (312hv5teusqbiqhir3pcwobmylcu)
[2026-05-04 16:28:45] Тип аккаунта: premium, страна: KZ
[2026-05-04 16:29:08] Авторизован: Denis Letov (312hv5teusqbiqhir3pcwobmylcu)
[2026-05-04 16:29:08] Тип аккаунта: premium, страна: KZ
[2026-05-04 16:29:08] Загружено 2639 треков из: C:\Users\User\Downloads\Текстовый документ.txt
[2026-05-04 16:29:08] Создаем плейлист...
[2026-05-04 16:29:11] Create playlist via /users/{id}/playlists was forbidden. Retrying via /me/playlists...
[2026-05-04 16:29:11] Плейлист создан: https://open.spotify.com/playlist/7zWfOAXvDfv7olfJ0EDW7J
[2026-05-04 16:29:11] Начинаем импорт треков...
[2026-05-04 16:29:11] Обрабатываем трек 1/2639...
[2026-05-04 16:29:11] Сейчас: The Chemical Brothers - The Salmon Dance
[2026-05-04 16:29:12] [Ошибка] Ошибка импорта: Превышен лимит запросов Spotify API. Повторите позже и нажмите 'Продолжить после сбоя'.
[2026-05-04 16:30:35] Авторизован: Denis Letov (312hv5teusqbiqhir3pcwobmylcu)
[2026-05-04 16:30:35] Тип аккаунта: premium, страна: KZ
[2026-05-04 16:30:35] Загружено 2639 треков из: C:\Users\User\Downloads\Текстовый документ.txt
[2026-05-04 16:30:35] Продолжаем с трека 1/2639...
[2026-05-04 16:30:35] Начинаем импорт треков...
[2026-05-04 16:30:35] Обрабатываем трек 1/2639...
[2026-05-04 16:30:35] Сейчас: The Chemical Brothers - The Salmon Dance
[2026-05-04 16:30:36] [Ошибка] Ошибка импорта: Превышен лимит запросов Spotify API. Повторите позже и нажмите 'Продолжить после сбоя'.
[2026-05-04 16:32:06] Removed cached token: C:\Users\User\Desktop\spot_backup_20260504_142342\.spotify_token_cache
[2026-05-04 16:32:10] Авторизован: Denis Letov (312hv5teusqbiqhir3pcwobmylcu)
[2026-05-04 16:32:10] Тип аккаунта: premium, страна: KZ
[2026-05-04 16:32:26] Авторизован: Denis Letov (312hv5teusqbiqhir3pcwobmylcu)
[2026-05-04 16:32:26] Тип аккаунта: premium, страна: KZ
[2026-05-04 16:32:26] Загружено 2639 треков из: C:\Users\User\Downloads\Текстовый документ.txt
[2026-05-04 16:32:26] Создаем плейлист...
[2026-05-04 16:32:29] Create playlist via /users/{id}/playlists was forbidden. Retrying via /me/playlists...
[2026-05-04 16:32:29] Плейлист создан: https://open.spotify.com/playlist/76jKLGF0HmfOCdONCmtywF
[2026-05-04 16:32:29] Начинаем импорт треков...
[2026-05-04 16:32:29] Обрабатываем трек 1/2639...
[2026-05-04 16:32:29] Сейчас: The Chemical Brothers - The Salmon Dance
[2026-05-04 16:32:29] [Ошибка] Ошибка импорта: Превышен лимит запросов Spotify API. Подождите и нажмите 'Продолжить после сбоя'.
[2026-05-04 16:32:36] Авторизован: Denis Letov (312hv5teusqbiqhir3pcwobmylcu)
[2026-05-04 16:32:36] Тип аккаунта: premium, страна: KZ
[2026-05-04 16:32:36] Загружено 2639 треков из: C:\Users\User\Downloads\Текстовый документ.txt
[2026-05-04 16:32:36] Продолжаем с трека 1/2639...
[2026-05-04 16:32:36] Начинаем импорт треков...
[2026-05-04 16:32:36] Обрабатываем трек 1/2639...
[2026-05-04 16:32:36] Сейчас: The Chemical Brothers - The Salmon Dance
[2026-05-04 16:32:36] [Ошибка] Ошибка импорта: Превышен лимит запросов Spotify API. Подождите и нажмите 'Продолжить после сбоя'.
[2026-05-04 16:36:14] Removed cached token: C:\Users\User\Desktop\spot_backup_20260504_142342\.spotify_token_cache
[2026-05-04 16:36:17] Авторизован: Denis Letov (312hv5teusqbiqhir3pcwobmylcu)
[2026-05-04 16:36:17] Тип аккаунта: premium, страна: KZ
[2026-05-04 16:36:32] Авторизован: Denis Letov (312hv5teusqbiqhir3pcwobmylcu)
[2026-05-04 16:36:32] Тип аккаунта: premium, страна: KZ
[2026-05-04 16:36:32] Загружено 2639 треков из: C:\Users\User\Downloads\Текстовый документ.txt
[2026-05-04 16:36:32] Создаем плейлист...
[2026-05-04 16:36:36] Create playlist via /users/{id}/playlists was forbidden. Retrying via /me/playlists...
[2026-05-04 16:36:36] Плейлист создан: https://open.spotify.com/playlist/0TqBRtMSsQKpZMFjZgf3ts
[2026-05-04 16:36:36] Начинаем импорт треков...
[2026-05-04 16:36:36] Обрабатываем трек 1/2639...
[2026-05-04 16:36:36] Сейчас: The Chemical Brothers - The Salmon Dance
[2026-05-04 16:36:37] [1/2639] ОШИБКА: The Chemical Brothers - The Salmon Dance
[2026-05-04 16:36:37] Сейчас: The Chemical Brothers - Go
[2026-05-04 16:36:38] [2/2639] ОШИБКА: The Chemical Brothers - Go
[2026-05-04 16:36:38] Сейчас: Chief Keef, 50 Cent, Wiz Khalifa - Hate Bein' Sober
[2026-05-04 16:36:38] [3/2639] ОШИБКА: Chief Keef, 50 Cent, Wiz Khalifa - Hate Bein' Sober
[2026-05-04 16:36:38] Сейчас: Freddie Dredd - Limbo
[2026-05-04 16:36:39] [4/2639] ОШИБКА: Freddie Dredd - Limbo
[2026-05-04 16:36:39] Сейчас: Sullivan King - Step Back
[2026-05-04 16:36:39] [5/2639] ОШИБКА: Sullivan King - Step Back
[2026-05-04 16:36:39] Сейчас: Crematory - Unspoken
[2026-05-04 16:36:40] [6/2639] ОШИБКА: Crematory - Unspoken
[2026-05-04 16:36:40] Сейчас: Pouya, Rocci - It's Over
[2026-05-04 16:36:40] [7/2639] ОШИБКА: Pouya, Rocci - It's Over
[2026-05-04 16:36:40] Сейчас: Blade and Bath - Misanthrope
[2026-05-04 16:36:41] [8/2639] ОШИБКА: Blade and Bath - Misanthrope
[2026-05-04 16:36:41] Сейчас: Snow Strippers, Lil Uzi Vert - It's A Dream
[2026-05-04 16:36:42] [9/2639] ОШИБКА: Snow Strippers, Lil Uzi Vert - It's A Dream
[2026-05-04 16:36:42] Сейчас: Chief Keef, Lil Reese - I Don't Like
[2026-05-04 16:36:42] [10/2639] ОШИБКА: Chief Keef, Lil Reese - I Don't Like
[2026-05-04 16:36:42] Сейчас: Lifelover - Androider
[2026-05-04 16:36:43] [11/2639] ОШИБКА: Lifelover - Androider
[2026-05-04 16:36:43] Сейчас: Madonna - Sorry
[2026-05-04 16:36:43] [12/2639] ОШИБКА: Madonna - Sorry
[2026-05-04 16:36:43] Сейчас: Los Tiburones - Inocente
[2026-05-04 16:36:44] [13/2639] ОШИБКА: Los Tiburones - Inocente
[2026-05-04 16:36:44] Сейчас: Snow Strippers - Like To Complicate
[2026-05-04 16:36:44] [14/2639] ОШИБКА: Snow Strippers - Like To Complicate
[2026-05-04 16:36:44] Сейчас: Winta - First Move
[2026-05-04 16:36:45] [15/2639] ОШИБКА: Winta - First Move
[2026-05-04 16:36:45] Сейчас: Crematory - Unspoken
[2026-05-04 16:36:46] [16/2639] ОШИБКА: Crematory - Unspoken
[2026-05-04 16:36:46] Сейчас: White Lies - イズ・マイ・ラヴ・イナフ
[2026-05-04 16:36:46] [17/2639] ОШИБКА: White Lies - イズ・マイ・ラヴ・イナフ
[2026-05-04 16:36:46] Сейчас: NENA - Irgendwie, irgendwo, irgendwann
[2026-05-04 16:36:47] [18/2639] ОШИБКА: NENA - Irgendwie, irgendwo, irgendwann
[2026-05-04 16:36:47] Сейчас: Lifelover - Mental Central Dialog
[2026-05-04 16:36:47] [19/2639] ОШИБКА: Lifelover - Mental Central Dialog
[2026-05-04 16:36:47] Сейчас: Feerix - Chuggy Demon
[2026-05-04 16:36:48] [20/2639] ОШИБКА: Feerix - Chuggy Demon
[2026-05-04 16:36:48] Сейчас: Bloodhound Gang - Foxtrot Uniform Charlie Kilo
[2026-05-04 16:36:48] [21/2639] ОШИБКА: Bloodhound Gang - Foxtrot Uniform Charlie Kilo
[2026-05-04 16:36:48] Сейчас: Заточка - Не на ту
[2026-05-04 16:36:49] [22/2639] ОШИБКА: Заточка - Не на ту
[2026-05-04 16:36:49] Сейчас: Sorry... - Innocence
[2026-05-04 16:36:49] [23/2639] ОШИБКА: Sorry... - Innocence
[2026-05-04 16:36:49] Сейчас: Lifelover - Expandera
[2026-05-04 16:36:50] [24/2639] ОШИБКА: Lifelover - Expandera
[2026-05-04 16:36:50] Обрабатываем трек 25/2639...
[2026-05-04 16:36:50] Сейчас: Arch Enemy - No Gods, No Masters
[2026-05-04 16:36:51] [25/2639] ОШИБКА: Arch Enemy - No Gods, No Masters
[2026-05-04 16:36:51] Сейчас: iday - Cosmotango
[2026-05-04 16:36:51] [26/2639] ОШИБКА: iday - Cosmotango
[2026-05-04 16:36:51] Сейчас: plenka, Beneath My Shade - Dusk Till Dawn
[2026-05-04 16:36:52] [27/2639] ОШИБКА: plenka, Beneath My Shade - Dusk Till Dawn
[2026-05-04 16:36:52] Сейчас: Igorrr - Cheval
[2026-05-04 16:36:52] [28/2639] ОШИБКА: Igorrr - Cheval
[2026-05-04 16:36:52] Сейчас: Kaito Shoma - Claymore
[2026-05-04 16:36:53] [29/2639] ОШИБКА: Kaito Shoma - Claymore
[2026-05-04 16:36:53] Сейчас: Syncatto - King
[2026-05-04 16:36:54] [30/2639] ОШИБКА: Syncatto - King
[2026-05-04 16:36:54] Сейчас: Mirar - Franka
[2026-05-04 16:36:54] [31/2639] ОШИБКА: Mirar - Franka
[2026-05-04 16:36:54] Сейчас: Igorrr - Unpleasant Sonata
[2026-05-04 16:36:55] [32/2639] ОШИБКА: Igorrr - Unpleasant Sonata
[2026-05-04 16:36:55] Сейчас: Animal ДжаZ, [AMATORY] - Три полоски
[2026-05-04 16:36:55] [33/2639] ОШИБКА: Animal ДжаZ, [AMATORY] - Три полоски
[2026-05-04 16:36:55] Сейчас: Bloodhound Gang - The Bad Touch
[2026-05-04 16:36:56] [34/2639] ОШИБКА: Bloodhound Gang - The Bad Touch
[2026-05-04 16:36:56] Сейчас: Scooter - How Much Is The Fish?
[2026-05-04 16:36:56] [35/2639] ОШИБКА: Scooter - How Much Is The Fish?
[2026-05-04 16:36:56] Сейчас: GORILLA GLU, LIL NAKU - WOOPAAA
[2026-05-04 16:36:57] [36/2639] ОШИБКА: GORILLA GLU, LIL NAKU - WOOPAAA
[2026-05-04 16:36:57] Сейчас: Ski Aggu, Joost, Otto Waalkes - Friesenjung
[2026-05-04 16:36:58] [37/2639] ОШИБКА: Ski Aggu, Joost, Otto Waalkes - Friesenjung
[2026-05-04 16:36:58] Сейчас: 攬佬SKAI ISYOURGOD, AR刘夫阳 - 大展鴻圖(Blueprint Supreme)
[2026-05-04 16:36:58] [38/2639] ОШИБКА: 攬佬SKAI ISYOURGOD, AR刘夫阳 - 大展鴻圖(Blueprint Supreme)
[2026-05-04 16:36:58] Сейчас: Ария - На службе силы Зла
[2026-05-04 16:36:59] [39/2639] ОШИБКА: Ария - На службе силы Зла
[2026-05-04 16:36:59] Сейчас: Ария - Потерянный рай
[2026-05-04 16:36:59] [40/2639] ОШИБКА: Ария - Потерянный рай
[2026-05-04 16:36:59] Сейчас: Ария - Герой асфальта
[2026-05-04 16:37:00] [41/2639] ОШИБКА: Ария - Герой асфальта
[2026-05-04 16:37:00] Сейчас: Ария - Осколок льда
[2026-05-04 16:37:01] [42/2639] ОШИБКА: Ария - Осколок льда
[2026-05-04 16:37:01] Сейчас: Ceremony - Cold Cold Night
[2026-05-04 16:37:01] [43/2639] ОШИБКА: Ceremony - Cold Cold Night
[2026-05-04 16:37:01] Сейчас: Apashe, Alina Pash - Witch
[2026-05-04 16:37:02] [44/2639] ОШИБКА: Apashe, Alina Pash - Witch
[2026-05-04 16:37:02] Сейчас: TKN - Без тебя
[2026-05-04 16:37:02] [45/2639] ОШИБКА: TKN - Без тебя
[2026-05-04 16:37:02] Сейчас: Error37 - Xxcactaurxcorexx
[2026-05-04 16:37:03] [46/2639] ОШИБКА: Error37 - Xxcactaurxcorexx
[2026-05-04 16:37:03] Сейчас: Oxxxymiron - Как Мои Дела
[2026-05-04 16:37:03] [47/2639] ОШИБКА: Oxxxymiron - Как Мои Дела
[2026-05-04 16:37:03] Сейчас: Oxxxymiron, 1.Kla$ - 1.Kla$ Pt. 2
[2026-05-04 16:37:04] [48/2639] ОШИБКА: Oxxxymiron, 1.Kla$ - 1.Kla$ Pt. 2
[2026-05-04 16:37:04] Сейчас: ХАРК! - Когда я умру.
[2026-05-04 16:37:04] [49/2639] ОШИБКА: ХАРК! - Когда я умру.
[2026-05-04 16:37:04] Обрабатываем трек 50/2639...
[2026-05-04 16:37:04] Сейчас: Последние Танки В Париже - Игрушки
[2026-05-04 16:37:05] [50/2639] ОШИБКА: Последние Танки В Париже - Игрушки
[2026-05-04 16:37:05] Сейчас: Apashe, Nitepunk, Alina Pash - Witch
[2026-05-04 16:37:06] [51/2639] ОШИБКА: Apashe, Nitepunk, Alina Pash - Witch
[2026-05-04 16:37:06] Сейчас: R.E.M. - Losing My Religion
[2026-05-04 16:37:06] [52/2639] ОШИБКА: R.E.M. - Losing My Religion
[2026-05-04 16:37:06] Сейчас: Заточка - Угонщица
[2026-05-04 16:37:07] [53/2639] ОШИБКА: Заточка - Угонщица
[2026-05-04 16:37:07] Сейчас: ХАРК! - Мудак
[2026-05-04 16:37:08] [54/2639] ОШИБКА: ХАРК! - Мудак
[2026-05-04 16:37:08] Сейчас: Death - Painkiller
[2026-05-04 16:37:08] [55/2639] ОШИБКА: Death - Painkiller
[2026-05-04 16:37:08] Сейчас: Germ - Asteroid of Sorrow
[2026-05-04 16:37:09] [56/2639] ОШИБКА: Germ - Asteroid of Sorrow
[2026-05-04 16:37:09] Сейчас: Kalmah - Heroes To Us
[2026-05-04 16:37:10] [57/2639] ОШИБКА: Kalmah - Heroes To Us
[2026-05-04 16:37:10] Сейчас: Kalmah - The Black Waltz
[2026-05-04 16:37:10] [58/2639] ОШИБКА: Kalmah - The Black Waltz
[2026-05-04 16:37:10] Сейчас: Kairat Nurtas, NYUSHA - Алматы Түні
[2026-05-04 16:37:11] [59/2639] ОШИБКА: Kairat Nurtas, NYUSHA - Алматы Түні
[2026-05-04 16:37:11] Сейчас: Apashe, INSTASAMKA - Uebok (Gotta Run)
[2026-05-04 16:37:11] [60/2639] ОШИБКА: Apashe, INSTASAMKA - Uebok (Gotta Run)
[2026-05-04 16:37:11] Сейчас: Tame Impala - Dracula
[2026-05-04 16:37:12] [61/2639] ОШИБКА: Tame Impala - Dracula
[2026-05-04 16:37:12] Сейчас: BLACK SCUM - душнила
[2026-05-04 16:37:13] [62/2639] ОШИБКА: BLACK SCUM - душнила
[2026-05-04 16:37:13] Сейчас: Пионерлагерь Пыльная Радуга, Охра - Чейнбол
[2026-05-04 16:37:13] [63/2639] ОШИБКА: Пионерлагерь Пыльная Радуга, Охра - Чейнбол
[2026-05-04 16:37:13] Сейчас: Archspire - Too Fast to Die
[2026-05-04 16:37:14] [64/2639] ОШИБКА: Archspire - Too Fast to Die
[2026-05-04 16:37:14] Сейчас: Братство Бобра - Лягушки и Сатана
[2026-05-04 16:37:14] [65/2639] ОШИБКА: Братство Бобра - Лягушки и Сатана
[2026-05-04 16:37:14] Сейчас: Anaal Nathrakh - Forward!
[2026-05-04 16:37:15] [66/2639] ОШИБКА: Anaal Nathrakh - Forward!
[2026-05-04 16:37:15] Сейчас: Anaal Nathrakh - Unleash
[2026-05-04 16:37:16] [67/2639] ОШИБКА: Anaal Nathrakh - Unleash
[2026-05-04 16:37:16] Сейчас: Anaal Nathrakh - Paragon Pariah
[2026-05-04 16:37:16] [68/2639] ОШИБКА: Anaal Nathrakh - Paragon Pariah
[2026-05-04 16:37:16] Сейчас: Anaal Nathrakh - The Joystream
[2026-05-04 16:37:17] [69/2639] ОШИБКА: Anaal Nathrakh - The Joystream
[2026-05-04 16:37:17] Сейчас: Anaal Nathrakh - Idol
[2026-05-04 16:37:17] [70/2639] ОШИБКА: Anaal Nathrakh - Idol
[2026-05-04 16:37:17] Сейчас: Anaal Nathrakh - So Be It
[2026-05-04 16:37:18] [71/2639] ОШИБКА: Anaal Nathrakh - So Be It
[2026-05-04 16:37:18] Сейчас: Anaal Nathrakh - More of Fire Than Blood
[2026-05-04 16:37:19] [72/2639] ОШИБКА: Anaal Nathrakh - More of Fire Than Blood
[2026-05-04 16:37:19] Сейчас: Anaal Nathrakh - Endarkenment
[2026-05-04 16:37:19] [73/2639] ОШИБКА: Anaal Nathrakh - Endarkenment
[2026-05-04 16:37:19] Сейчас: Germ - Butterfly
[2026-05-04 16:37:20] [74/2639] ОШИБКА: Germ - Butterfly
[2026-05-04 16:37:20] Обрабатываем трек 75/2639...
[2026-05-04 16:37:20] Сейчас: Электрофорез - Quo vadis?
[2026-05-04 16:37:20] [75/2639] ОШИБКА: Электрофорез - Quo vadis?
[2026-05-04 16:37:20] Сейчас: Paleface Swiss - The Gallow
[2026-05-04 16:37:21] [76/2639] ОШИБКА: Paleface Swiss - The Gallow
[2026-05-04 16:37:21] Сейчас: AWOLNATION, Rise Against, Tim McIlrath - Beds Are Burning
[2026-05-04 16:37:21] [77/2639] ОШИБКА: AWOLNATION, Rise Against, Tim McIlrath - Beds Are Burning
[2026-05-04 16:37:21] Сейчас: Slipknot - Dead Memories
[2026-05-04 16:37:22] [78/2639] ОШИБКА: Slipknot - Dead Memories
[2026-05-04 16:37:22] Сейчас: AREZRA - Goodbye
[2026-05-04 16:37:23] [79/2639] ОШИБКА: AREZRA - Goodbye
[2026-05-04 16:37:23] Сейчас: KVPV - Not My Level
[2026-05-04 16:37:23] [80/2639] ОШИБКА: KVPV - Not My Level
[2026-05-04 16:37:23] Сейчас: Nederlandse Hardstyle, Feest Dj Maarten - 18 Jaar
[2026-05-04 16:37:24] [81/2639] ОШИБКА: Nederlandse Hardstyle, Feest Dj Maarten - 18 Jaar
[2026-05-04 16:37:24] Сейчас: Attila - About That Life
[2026-05-04 16:37:24] [82/2639] ОШИБКА: Attila - About That Life
[2026-05-04 16:37:24] Сейчас: Bloodred Hourglass - Drag Me the Rain
[2026-05-04 16:37:25] [83/2639] ОШИБКА: Bloodred Hourglass - Drag Me the Rain
[2026-05-04 16:37:25] Сейчас: Whitechapel - Let Me Burn
[2026-05-04 16:37:25] [84/2639] ОШИБКА: Whitechapel - Let Me Burn
[2026-05-04 16:37:25] Сейчас: Заточка - Новый шериф
[2026-05-04 16:37:26] [85/2639] ОШИБКА: Заточка - Новый шериф
[2026-05-04 16:37:26] Сейчас: Lamb Of God - Grace
[2026-05-04 16:37:27] [86/2639] ОШИБКА: Lamb Of God - Grace
[2026-05-04 16:37:27] Сейчас: Cold Blooded Murder - Dictator
[2026-05-04 16:37:27] [87/2639] ОШИБКА: Cold Blooded Murder - Dictator
[2026-05-04 16:37:27] Сейчас: Dimmu Borgir - Burn In Hell
[2026-05-04 16:37:28] [88/2639] ОШИБКА: Dimmu Borgir - Burn In Hell
[2026-05-04 16:37:28] Сейчас: Dimmu Borgir - Gateways
[2026-05-04 16:37:28] [89/2639] ОШИБКА: Dimmu Borgir - Gateways
[2026-05-04 16:37:28] Сейчас: Behemoth - The Satanist
[2026-05-04 16:37:29] [90/2639] ОШИБКА: Behemoth - The Satanist
[2026-05-04 16:37:29] Сейчас: Decalius - Loneliness
[2026-05-04 16:37:30] [91/2639] ОШИБКА: Decalius - Loneliness
[2026-05-04 16:37:30] Сейчас: Loqiemean - Буду быть v2
[2026-05-04 16:37:30] [92/2639] ОШИБКА: Loqiemean - Буду быть v2
[2026-05-04 16:37:30] Сейчас: EVO - Ты меня не ищи (Cover)
[2026-05-04 16:37:31] [93/2639] ОШИБКА: EVO - Ты меня не ищи (Cover)
[2026-05-04 16:37:31] Сейчас: Carpenter Brut, Mat McNerney - Beware The Beast
[2026-05-04 16:37:31] [94/2639] ОШИБКА: Carpenter Brut, Mat McNerney - Beware The Beast
[2026-05-04 16:37:32] Сейчас: Malevolence - The Other Side
[2026-05-04 16:37:32] [95/2639] ОШИБКА: Malevolence - The Other Side
[2026-05-04 16:37:32] Сейчас: Kristailer - Necroinsanity (Remake)
[2026-05-04 16:37:33] [96/2639] ОШИБКА: Kristailer - Necroinsanity (Remake)
[2026-05-04 16:37:33] Сейчас: Decalius - A Miserable Life...
[2026-05-04 16:37:33] [97/2639] ОШИБКА: Decalius - A Miserable Life...
[2026-05-04 16:37:33] Сейчас: Pantera - A New Level
[2026-05-04 16:37:34] [98/2639] ОШИБКА: Pantera - A New Level
[2026-05-04 16:37:34] Сейчас: Cryptospital - Death's Hourglass
[2026-05-04 16:37:34] [99/2639] ОШИБКА: Cryptospital - Death's Hourglass
[2026-05-04 16:37:34] Обрабатываем трек 100/2639...
[2026-05-04 16:37:34] Сейчас: Громгор - Земля сделанная из льда
[2026-05-04 16:37:35] [100/2639] ОШИБКА: Громгор - Земля сделанная из льда
[2026-05-04 16:37:35] Сейчас: In Vain - Floating on the Murmuring Tide
[2026-05-04 16:37:36] [101/2639] ОШИБКА: In Vain - Floating on the Murmuring Tide
[2026-05-04 16:37:36] Сейчас: Maromaro - Higher
[2026-05-04 16:37:36] [102/2639] ОШИБКА: Maromaro - Higher
[2026-05-04 16:37:36] Сейчас: Maromaro - Moonlighting
[2026-05-04 16:37:37] [103/2639] ОШИБКА: Maromaro - Moonlighting
[2026-05-04 16:37:37] Сейчас: Nocturnal Depression - Nostalgia
[2026-05-04 16:37:37] [104/2639] ОШИБКА: Nocturnal Depression - Nostalgia
[2026-05-04 16:37:37] Сейчас: Smash Into Pieces - Broken Parts
[2026-05-04 16:37:38] [105/2639] ОШИБКА: Smash Into Pieces - Broken Parts
[2026-05-04 16:37:38] Сейчас: Unto Others - Can You Hear the Rain
[2026-05-04 16:37:39] [106/2639] ОШИБКА: Unto Others - Can You Hear the Rain
[2026-05-04 16:37:39] Сейчас: Cream Blade, Romi - Set Me Free
[2026-05-04 16:37:39] [107/2639] ОШИБКА: Cream Blade, Romi - Set Me Free
[2026-05-04 16:37:39] Сейчас: Blue Öyster Cult - (Don't Fear) The Reaper
[2026-05-04 16:37:40] [108/2639] ОШИБКА: Blue Öyster Cult - (Don't Fear) The Reaper
[2026-05-04 16:37:40] Сейчас: Crystal Castles, Robert Smith - Not In Love
[2026-05-04 16:37:40] [109/2639] ОШИБКА: Crystal Castles, Robert Smith - Not In Love
[2026-05-04 16:37:40] Сейчас: Sabaton - Dreadnought
[2026-05-04 16:37:41] [110/2639] ОШИБКА: Sabaton - Dreadnought
[2026-05-04 16:37:41] Сейчас: Holochaust - Valley Of Misery
[2026-05-04 16:37:41] [111/2639] ОШИБКА: Holochaust - Valley Of Misery
[2026-05-04 16:37:42] Сейчас: Sabaton - Yamato
[2026-05-04 16:37:42] [112/2639] ОШИБКА: Sabaton - Yamato
[2026-05-04 16:37:42] Сейчас: Ghost - It's A Sin
[2026-05-04 16:37:43] [113/2639] ОШИБКА: Ghost - It's A Sin
[2026-05-04 16:37:43] Сейчас: Motionless In White - Afraid Of The Dark
[2026-05-04 16:37:43] [114/2639] ОШИБКА: Motionless In White - Afraid Of The Dark
[2026-05-04 16:37:43] Сейчас: HEALTH - DON’T KILL YOURSELF
[2026-05-04 16:37:44] [115/2639] ОШИБКА: HEALTH - DON’T KILL YOURSELF
[2026-05-04 16:37:44] Сейчас: Psychonaut 4 - Don't Leave the Room
[2026-05-04 16:37:44] [116/2639] ОШИБКА: Psychonaut 4 - Don't Leave the Room
[2026-05-04 16:37:44] Сейчас: Falling In Reverse - Prequel
[2026-05-04 16:37:45] [117/2639] ОШИБКА: Falling In Reverse - Prequel
[2026-05-04 16:37:45] Сейчас: I Prevail - Gasoline
[2026-05-04 16:37:46] [118/2639] ОШИБКА: I Prevail - Gasoline
[2026-05-04 16:37:46] Сейчас: Malevolence - Silhouette
[2026-05-04 16:37:46] [119/2639] ОШИБКА: Malevolence - Silhouette
[2026-05-04 16:37:46] Сейчас: Malevolence - Left Outside Alone
[2026-05-04 16:37:47] [120/2639] ОШИБКА: Malevolence - Left Outside Alone
[2026-05-04 16:37:47] Сейчас: Newera - choose your fighter
[2026-05-04 16:37:47] [121/2639] ОШИБКА: Newera - choose your fighter
[2026-05-04 16:37:47] Сейчас: NENA - Irgendwie, irgendwo, irgendwann
[2026-05-04 16:37:48] [122/2639] ОШИБКА: NENA - Irgendwie, irgendwo, irgendwann
[2026-05-04 16:37:48] Сейчас: Trivium - In Waves
[2026-05-04 16:37:49] [123/2639] ОШИБКА: Trivium - In Waves
[2026-05-04 16:37:49] Сейчас: Asking Alexandria - Alone Again
[2026-05-04 16:37:49] [124/2639] ОШИБКА: Asking Alexandria - Alone Again
[2026-05-04 16:37:49] Обрабатываем трек 125/2639...
[2026-05-04 16:37:49] Сейчас: R.E.M. - Losing My Religion
[2026-05-04 16:37:50] [125/2639] ОШИБКА: R.E.M. - Losing My Religion
[2026-05-04 16:37:50] Сейчас: Burzum - Valen
[2026-05-04 16:37:50] [126/2639] ОШИБКА: Burzum - Valen
[2026-05-04 16:37:50] Сейчас: Burzum - Jeg faller
[2026-05-04 16:37:51] [127/2639] ОШИБКА: Burzum - Jeg faller
[2026-05-04 16:37:51] Сейчас: Stratovarius - Eagleheart
[2026-05-04 16:37:52] [128/2639] ОШИБКА: Stratovarius - Eagleheart
[2026-05-04 16:37:52] Сейчас: Quixotic - Palms
[2026-05-04 16:37:53] [129/2639] ОШИБКА: Quixotic - Palms
[2026-05-04 16:37:53] Сейчас: Bon Jovi - Livin' On A Prayer
[2026-05-04 16:37:54] [130/2639] ОШИБКА: Bon Jovi - Livin' On A Prayer
[2026-05-04 16:37:54] Сейчас: XXIOS - Sacrifice
[2026-05-04 16:37:56] [131/2639] ОШИБКА: XXIOS - Sacrifice
[2026-05-04 16:37:56] Сейчас: For My Pain... - Rapture of Lust
[2026-05-04 16:37:57] [132/2639] ОШИБКА: For My Pain... - Rapture of Lust
[2026-05-04 16:37:57] Сейчас: INA - Irgendwie, Irgendwo, Irgendwann
[2026-05-04 16:37:58] [133/2639] ОШИБКА: INA - Irgendwie, Irgendwo, Irgendwann
[2026-05-04 16:37:58] Сейчас: Lord Of The Lost - In the Field of Blood
[2026-05-04 16:37:59] [134/2639] ОШИБКА: Lord Of The Lost - In the Field of Blood
[2026-05-04 16:37:59] Сейчас: Crematory - The Fallen
[2026-05-04 16:38:00] [135/2639] ОШИБКА: Crematory - The Fallen
[2026-05-04 16:38:00] Сейчас: Unto Others - Puppy Love
[2026-05-04 16:38:01] [136/2639] ОШИБКА: Unto Others - Puppy Love
[2026-05-04 16:38:01] Сейчас: Заточка - Из 90-х
[2026-05-04 16:38:01] [137/2639] ОШИБКА: Заточка - Из 90-х
[2026-05-04 16:38:01] Сейчас: 1.Kla$ - $Ieg Kla$
[2026-05-04 16:38:02] [138/2639] ОШИБКА: 1.Kla$ - $Ieg Kla$
[2026-05-04 16:38:02] Сейчас: D'ort, Relianze - Overture
[2026-05-04 16:38:03] [139/2639] ОШИБКА: D'ort, Relianze - Overture
[2026-05-04 16:38:03] Сейчас: Aarne, Toxi$, Big Baby Tape - NOBODY
[2026-05-04 16:38:04] [140/2639] ОШИБКА: Aarne, Toxi$, Big Baby Tape - NOBODY
[2026-05-04 16:38:04] Сейчас: HANQYZY - SHAITAN
[2026-05-04 16:38:05] [141/2639] ОШИБКА: HANQYZY - SHAITAN
[2026-05-04 16:38:05] Сейчас: Fabian Mazur - Cash
[2026-05-04 16:38:07] [142/2639] ОШИБКА: Fabian Mazur - Cash
[2026-05-04 16:38:07] Сейчас: Rotting Christ - Ветры злые
[2026-05-04 16:38:07] [143/2639] ОШИБКА: Rotting Christ - Ветры злые
[2026-05-04 16:38:07] Сейчас: Psychonaut 4 - Sweet Decadance
[2026-05-04 16:38:09] [144/2639] ОШИБКА: Psychonaut 4 - Sweet Decadance
[2026-05-04 16:38:09] Сейчас: Lifelover - I Love (To Hurt) You
[2026-05-04 16:38:10] [145/2639] ОШИБКА: Lifelover - I Love (To Hurt) You
[2026-05-04 16:38:10] Сейчас: Jebroer, DJ Paul Elstak, Dr Phunk - Soldaat
[2026-05-04 16:38:11] [146/2639] ОШИБКА: Jebroer, DJ Paul Elstak, Dr Phunk - Soldaat
[2026-05-04 16:38:11] Сейчас: VELIAL SQUAD, BOOKER, Meep - Короли метала
[2026-05-04 16:38:12] [147/2639] ОШИБКА: VELIAL SQUAD, BOOKER, Meep - Короли метала
[2026-05-04 16:38:12] Сейчас: Anacondaz, Noize MC - Пусть они умрут
[2026-05-04 16:38:14] [148/2639] ОШИБКА: Anacondaz, Noize MC - Пусть они умрут
[2026-05-04 16:38:14] Сейчас: Aaron Hibell - i feel lost - trance version
[2026-05-04 16:38:15] [149/2639] ОШИБКА: Aaron Hibell - i feel lost - trance version
[2026-05-04 16:38:15] Обрабатываем трек 150/2639...
[2026-05-04 16:38:15] Сейчас: УННВ - Всё будет хорошо
[2026-05-04 16:38:16] [150/2639] ОШИБКА: УННВ - Всё будет хорошо
[2026-05-04 16:38:16] Сейчас: кровь из носа, Metox, Паша Техник - нхл ледибой
[2026-05-04 16:38:17] [151/2639] ОШИБКА: кровь из носа, Metox, Паша Техник - нхл ледибой
[2026-05-04 16:38:17] Сейчас: Sabaton - Masters of the World
[2026-05-04 16:38:17] [152/2639] ОШИБКА: Sabaton - Masters of the World
[2026-05-04 16:38:17] Сейчас: Порнофильмы - Россия для грустных
[2026-05-04 16:38:18] [153/2639] ОШИБКА: Порнофильмы - Россия для грустных
[2026-05-04 16:38:18] Сейчас: Последние Танки В Париже - Глаза ментов
[2026-05-04 16:38:19] [154/2639] ОШИБКА: Последние Танки В Париже - Глаза ментов
[2026-05-04 16:38:19] Сейчас: Петля Пристрастия - Груз
[2026-05-04 16:38:20] [155/2639] ОШИБКА: Петля Пристрастия - Груз
[2026-05-04 16:38:20] Сейчас: Последние Танки В Париже - В нирване
[2026-05-04 16:38:21] [156/2639] ОШИБКА: Последние Танки В Париже - В нирване
[2026-05-04 16:38:21] Сейчас: DK, Вирус - Ты меня не ищи
[2026-05-04 16:38:21] [157/2639] ОШИБКА: DK, Вирус - Ты меня не ищи
[2026-05-04 16:38:21] Сейчас: Шура - Ты не верь слезам
[2026-05-04 16:38:22] [158/2639] ОШИБКА: Шура - Ты не верь слезам
[2026-05-04 16:38:22] Сейчас: Eric Benét - Spanish Fly
[2026-05-04 16:38:23] [159/2639] ОШИБКА: Eric Benét - Spanish Fly
[2026-05-04 16:38:23] Сейчас: Calva Louise - Con Corazon
[2026-05-04 16:38:29] [160/2639] ОШИБКА: Calva Louise - Con Corazon
[2026-05-04 16:38:29] Сейчас: Shiza, Ulukmanapo - Uade
[2026-05-04 16:38:30] [161/2639] ОШИБКА: Shiza, Ulukmanapo - Uade
[2026-05-04 16:38:30] Сейчас: Crematory - Everything
[2026-05-04 16:38:31] [162/2639] ОШИБКА: Crematory - Everything
[2026-05-04 16:38:31] Сейчас: Хаски - Живая вода
[2026-05-04 16:38:31] [163/2639] ОШИБКА: Хаски - Живая вода
[2026-05-04 16:38:31] Сейчас: АК-47 - Ты олень тупой
[2026-05-04 16:38:32] [164/2639] ОШИБКА: АК-47 - Ты олень тупой
[2026-05-04 16:38:32] Сейчас: Russian Village Boys - DOLBOEB
[2026-05-04 16:38:33] [165/2639] ОШИБКА: Russian Village Boys - DOLBOEB
[2026-05-04 16:38:33] Сейчас: Loqiemean, Эрика Лундмоен - Чёрство
[2026-05-04 16:38:34] [166/2639] ОШИБКА: Loqiemean, Эрика Лундмоен - Чёрство
[2026-05-04 16:38:34] Сейчас: I Prevail - Choke
[2026-05-04 16:38:35] [167/2639] ОШИБКА: I Prevail - Choke
[2026-05-04 16:38:35] Сейчас: Metallica - Nothing Else Matters
[2026-05-04 16:38:35] [168/2639] ОШИБКА: Metallica - Nothing Else Matters
[2026-05-04 16:38:35] Сейчас: Gorillaz - Tranz
[2026-05-04 16:38:36] [169/2639] ОШИБКА: Gorillaz - Tranz
[2026-05-04 16:38:36] Сейчас: Daft Punk - Human After All
[2026-05-04 16:38:36] [170/2639] ОШИБКА: Daft Punk - Human After All
[2026-05-04 16:38:36] Сейчас: Lord Of The Lost - Six Feet Underground
[2026-05-04 16:38:37] [171/2639] ОШИБКА: Lord Of The Lost - Six Feet Underground
[2026-05-04 16:38:37] Сейчас: Belore - Battle for Therallas
[2026-05-04 16:38:38] [172/2639] ОШИБКА: Belore - Battle for Therallas
[2026-05-04 16:38:38] Сейчас: Carpenter Brut - Le perv
[2026-05-04 16:38:39] [173/2639] ОШИБКА: Carpenter Brut - Le perv
[2026-05-04 16:38:39] Сейчас: Lifelover - Nackskott (Neckshot)
[2026-05-04 16:38:40] [174/2639] ОШИБКА: Lifelover - Nackskott (Neckshot)
[2026-05-04 16:38:40] Обрабатываем трек 175/2639...
[2026-05-04 16:38:40] Сейчас: Coheed and Cambria - Welcome Home
[2026-05-04 16:38:41] [175/2639] ОШИБКА: Coheed and Cambria - Welcome Home
[2026-05-04 16:38:41] Сейчас: Röyksopp - Monument
[2026-05-04 16:38:42] [176/2639] ОШИБКА: Röyksopp - Monument
[2026-05-04 16:38:42] Сейчас: Starship - We Built This City
[2026-05-04 16:38:43] [177/2639] ОШИБКА: Starship - We Built This City
[2026-05-04 16:38:43] Сейчас: Edwin Rosen - "1119"
[2026-05-04 16:38:44] [178/2639] ОШИБКА: Edwin Rosen - "1119"
[2026-05-04 16:38:44] Сейчас: Зараза, HORUS, SharOn - Смысла нет
[2026-05-04 16:38:45] [179/2639] ОШИБКА: Зараза, HORUS, SharOn - Смысла нет
[2026-05-04 16:38:45] Сейчас: Рут - Мотивационная песня
[2026-05-04 16:38:45] [180/2639] ОШИБКА: Рут - Мотивационная песня
[2026-05-04 16:38:45] Сейчас: The Browning, Jake Hill - Carnage
[2026-05-04 16:38:46] [181/2639] ОШИБКА: The Browning, Jake Hill - Carnage
[2026-05-04 16:38:46] Сейчас: Chernoburkv, CREEPYMANE - МЯСО
[2026-05-04 16:38:46] [182/2639] ОШИБКА: Chernoburkv, CREEPYMANE - МЯСО
[2026-05-04 16:38:46] Сейчас: Stratovarius - Hunting High And Low
[2026-05-04 16:38:47] [183/2639] ОШИБКА: Stratovarius - Hunting High And Low
[2026-05-04 16:38:47] Сейчас: Цинк Уродов, H8.HOOD - КЛАССИКА
[2026-05-04 16:38:48] [184/2639] ОШИБКА: Цинк Уродов, H8.HOOD - КЛАССИКА
[2026-05-04 16:38:48] Сейчас: Haste The Day - Meet Me Half Way
[2026-05-04 16:38:49] [185/2639] ОШИБКА: Haste The Day - Meet Me Half Way
[2026-05-04 16:38:49] Сейчас: Evil Not Alone - The Sharpest Lives
[2026-05-04 16:38:49] [186/2639] ОШИБКА: Evil Not Alone - The Sharpest Lives
[2026-05-04 16:38:49] Сейчас: Rings of Saturn - Mental Prolapse
[2026-05-04 16:38:50] [187/2639] ОШИБКА: Rings of Saturn - Mental Prolapse
[2026-05-04 16:38:50] Сейчас: Alligatoah - SCHEISSDRECK
[2026-05-04 16:38:51] [188/2639] ОШИБКА: Alligatoah - SCHEISSDRECK
[2026-05-04 16:38:51] Сейчас: Breakdown of Sanity - Infest
[2026-05-04 16:38:51] [189/2639] ОШИБКА: Breakdown of Sanity - Infest
[2026-05-04 16:38:51] Сейчас: Dub Inc, Skarra Mucci, Naâman, Jahneration, Mellow Mood, Raphaël - À travers les vagues
[2026-05-04 16:38:52] [190/2639] ОШИБКА: Dub Inc, Skarra Mucci, Naâman, Jahneration, Mellow Mood, Raphaël - À travers les vagues
[2026-05-04 16:38:52] Сейчас: The Browning - I Choose You
[2026-05-04 16:38:53] [191/2639] ОШИБКА: The Browning - I Choose You
[2026-05-04 16:38:53] Сейчас: Zak Conner, r0pss - How Do You Do - Frenchcore
[2026-05-04 16:38:54] [192/2639] ОШИБКА: Zak Conner, r0pss - How Do You Do - Frenchcore
[2026-05-04 16:38:54] Сейчас: Finger Eleven - Paralyzer
[2026-05-04 16:38:55] [193/2639] ОШИБКА: Finger Eleven - Paralyzer
[2026-05-04 16:38:55] Сейчас: The 69 Eyes - Dance D'Amour
[2026-05-04 16:38:57] [194/2639] ОШИБКА: The 69 Eyes - Dance D'Amour
[2026-05-04 16:38:57] Сейчас: Daft Punk - Contact
[2026-05-04 16:38:58] [195/2639] ОШИБКА: Daft Punk - Contact
[2026-05-04 16:38:58] Сейчас: AWOLNATION - Jealous Buffoon
[2026-05-04 16:38:59] [196/2639] ОШИБКА: AWOLNATION - Jealous Buffoon
[2026-05-04 16:38:59] Сейчас: Emil Bulls - Dear Sadness
[2026-05-04 16:38:59] [197/2639] ОШИБКА: Emil Bulls - Dear Sadness
[2026-05-04 16:38:59] Сейчас: Carpenter Brut - Anarchy Road
[2026-05-04 16:39:00] [198/2639] ОШИБКА: Carpenter Brut - Anarchy Road
[2026-05-04 16:39:00] Сейчас: Anberlin - Enjoy the Silence
[2026-05-04 16:39:01] [199/2639] ОШИБКА: Anberlin - Enjoy the Silence
[2026-05-04 16:39:01] Обрабатываем трек 200/2639...
[2026-05-04 16:39:01] Сейчас: кис-кис - ЛБТД
[2026-05-04 16:39:02] [200/2639] ОШИБКА: кис-кис - ЛБТД
[2026-05-04 16:39:02] Сейчас: Lil Peep, Horsehead, Horse Head - right here
[2026-05-04 16:39:03] [201/2639] ОШИБКА: Lil Peep, Horsehead, Horse Head - right here
[2026-05-04 16:39:03] Сейчас: Poppy - X
[2026-05-04 16:39:04] [202/2639] ОШИБКА: Poppy - X
[2026-05-04 16:39:04] Сейчас: Robert Miles - Children
[2026-05-04 16:39:04] [203/2639] ОШИБКА: Robert Miles - Children
[2026-05-04 16:39:04] Сейчас: Crypt Voice - SQL
[2026-05-04 16:39:05] [204/2639] ОШИБКА: Crypt Voice - SQL
[2026-05-04 16:39:05] Сейчас: The Browning - Not Alone
[2026-05-04 16:39:06] [205/2639] ОШИБКА: The Browning - Not Alone
[2026-05-04 16:39:06] Сейчас: Orphan - Memorandum
[2026-05-04 16:39:07] [206/2639] ОШИБКА: Orphan - Memorandum
[2026-05-04 16:39:07] Сейчас: Sun Eater - Harakiri Suicide
[2026-05-04 16:39:08] [207/2639] ОШИБКА: Sun Eater - Harakiri Suicide
[2026-05-04 16:39:08] Сейчас: Babymetal, Poppy - from me to u
[2026-05-04 16:39:09] [208/2639] ОШИБКА: Babymetal, Poppy - from me to u
[2026-05-04 16:39:09] Сейчас: Babymetal, Spiritbox - My Queen
[2026-05-04 16:39:10] [209/2639] ОШИБКА: Babymetal, Spiritbox - My Queen
[2026-05-04 16:39:10] Сейчас: Poppy, Amy Lee, Courtney LaPlante - End of You
[2026-05-04 16:39:10] [210/2639] ОШИБКА: Poppy, Amy Lee, Courtney LaPlante - End of You
[2026-05-04 16:39:10] Сейчас: Poppy - they’re all around us
[2026-05-04 16:39:11] [211/2639] ОШИБКА: Poppy - they’re all around us
[2026-05-04 16:39:11] Сейчас: As I Lay Dying - Electric Eye
[2026-05-04 16:39:12] [212/2639] ОШИБКА: As I Lay Dying - Electric Eye
[2026-05-04 16:39:12] Сейчас: Shokran - Living Arrows
[2026-05-04 16:39:13] [213/2639] ОШИБКА: Shokran - Living Arrows
[2026-05-04 16:39:13] Сейчас: New Kids, DJ Paul Elstak - Turbo
[2026-05-04 16:39:14] [214/2639] ОШИБКА: New Kids, DJ Paul Elstak - Turbo
[2026-05-04 16:39:14] Сейчас: ALEM - Kuiim
[2026-05-04 16:39:15] [215/2639] ОШИБКА: ALEM - Kuiim
[2026-05-04 16:39:15] Сейчас: Djo - End of Beginning
[2026-05-04 16:39:16] [216/2639] ОШИБКА: Djo - End of Beginning
[2026-05-04 16:39:16] Сейчас: Miksu / Macloud, Makko - Nachts wach (Lila Wolken Bootleg)
[2026-05-04 16:39:17] [217/2639] ОШИБКА: Miksu / Macloud, Makko - Nachts wach (Lila Wolken Bootleg)
[2026-05-04 16:39:17] Сейчас: Пасош - Россия
[2026-05-04 16:39:17] [218/2639] ОШИБКА: Пасош - Россия
[2026-05-04 16:39:17] Сейчас: Последние Танки В Париже - Бесполезные песни
[2026-05-04 16:39:18] [219/2639] ОШИБКА: Последние Танки В Париже - Бесполезные песни
[2026-05-04 16:39:18] Сейчас: Say Mo, Waysberg Music - LIL BIT & 1 shot 2
[2026-05-04 16:39:19] [220/2639] ОШИБКА: Say Mo, Waysberg Music - LIL BIT & 1 shot 2
[2026-05-04 16:39:19] Сейчас: E-Type - Here I Go Again
[2026-05-04 16:39:20] [221/2639] ОШИБКА: E-Type - Here I Go Again
[2026-05-04 16:39:20] Сейчас: Yeah Yeah Yeahs, A-Trak - Heads Will Roll
[2026-05-04 16:39:21] [222/2639] ОШИБКА: Yeah Yeah Yeahs, A-Trak - Heads Will Roll
[2026-05-04 16:39:21] Сейчас: Kanye West - Praise God
[2026-05-04 16:39:22] [223/2639] ОШИБКА: Kanye West - Praise God
[2026-05-04 16:39:22] Сейчас: HEALTH - BE QUIET AND DRIVE (FAR AWAY)
[2026-05-04 16:39:23] [224/2639] ОШИБКА: HEALTH - BE QUIET AND DRIVE (FAR AWAY)
[2026-05-04 16:39:23] Обрабатываем трек 225/2639...
[2026-05-04 16:39:23] Сейчас: HEALTH - FEEL NOTHING
[2026-05-04 16:39:23] [225/2639] ОШИБКА: HEALTH - FEEL NOTHING
[2026-05-04 16:39:23] Сейчас: HEALTH - DSM-V
[2026-05-04 16:39:24] [226/2639] ОШИБКА: HEALTH - DSM-V
[2026-05-04 16:39:24] Сейчас: Ideя Fix - Плачь и танцуй
[2026-05-04 16:39:25] [227/2639] ОШИБКА: Ideя Fix - Плачь и танцуй
[2026-05-04 16:39:25] Сейчас: YNW Melly - Murder on My Mind
[2026-05-04 16:39:29] [228/2639] ОШИБКА: YNW Melly - Murder on My Mind
[2026-05-04 16:39:29] Сейчас: Emil Bulls - The Knight in Shining Armour
[2026-05-04 16:39:29] [229/2639] ОШИБКА: Emil Bulls - The Knight in Shining Armour
[2026-05-04 16:39:29] Сейчас: $uicideboy$ - ...And To Those I Love, Thanks For Sticking Around
[2026-05-04 16:39:30] [230/2639] ОШИБКА: $uicideboy$ - ...And To Those I Love, Thanks For Sticking Around
[2026-05-04 16:39:30] Сейчас: Emil Bulls - Hearteater
[2026-05-04 16:39:31] [231/2639] ОШИБКА: Emil Bulls - Hearteater
[2026-05-04 16:39:31] Сейчас: Band of Horses, Excision - The Funeral
[2026-05-04 16:39:32] [232/2639] ОШИБКА: Band of Horses, Excision - The Funeral
[2026-05-04 16:39:32] Сейчас: GeoffPlaysGuitar, Земляне, Atomic Heart - Trava u Doma
[2026-05-04 16:39:33] [233/2639] ОШИБКА: GeoffPlaysGuitar, Земляне, Atomic Heart - Trava u Doma
[2026-05-04 16:39:33] Сейчас: [AMATORY] - Чёрно-белые дни
[2026-05-04 16:39:33] [234/2639] ОШИБКА: [AMATORY] - Чёрно-белые дни
[2026-05-04 16:39:33] Сейчас: Eminem, 50 Cent, Cashis, Lloyd Banks - You Don't Know
[2026-05-04 16:39:34] [235/2639] ОШИБКА: Eminem, 50 Cent, Cashis, Lloyd Banks - You Don't Know
[2026-05-04 16:39:34] Сейчас: EVO - Заебала!
[2026-05-04 16:39:35] [236/2639] ОШИБКА: EVO - Заебала!
[2026-05-04 16:39:35] Сейчас: Asking Alexandria - A Prophecy
[2026-05-04 16:39:36] [237/2639] ОШИБКА: Asking Alexandria - A Prophecy
[2026-05-04 16:39:36] Сейчас: Anacondaz - Я так соскучился
[2026-05-04 16:39:36] [238/2639] ОШИБКА: Anacondaz - Я так соскучился
[2026-05-04 16:39:36] Сейчас: Children Of Bodom - Bed of Nails
[2026-05-04 16:39:37] [239/2639] ОШИБКА: Children Of Bodom - Bed of Nails
[2026-05-04 16:39:37] Сейчас: Children Of Bodom - Are You Dead Yet?
[2026-05-04 16:39:38] [240/2639] ОШИБКА: Children Of Bodom - Are You Dead Yet?
[2026-05-04 16:39:38] Сейчас: Amaestra - Flowers
[2026-05-04 16:39:39] [241/2639] ОШИБКА: Amaestra - Flowers
[2026-05-04 16:39:39] Сейчас: We Butter the Bread With Butter - Superföhn Bananendate
[2026-05-04 16:39:39] [242/2639] ОШИБКА: We Butter the Bread With Butter - Superföhn Bananendate
[2026-05-04 16:39:39] Сейчас: We Butter the Bread With Butter - Das Ende
[2026-05-04 16:39:40] [243/2639] ОШИБКА: We Butter the Bread With Butter - Das Ende
[2026-05-04 16:39:40] Сейчас: We Butter the Bread With Butter - Alptraumsong
[2026-05-04 16:39:41] [244/2639] ОШИБКА: We Butter the Bread With Butter - Alptraumsong
[2026-05-04 16:39:41] Сейчас: We Butter the Bread With Butter - Der Tag an dem die Welt unterging
[2026-05-04 16:39:42] [245/2639] ОШИБКА: We Butter the Bread With Butter - Der Tag an dem die Welt unterging
[2026-05-04 16:39:42] Сейчас: We Butter the Bread With Butter - 13 Wünsche
[2026-05-04 16:39:43] [246/2639] ОШИБКА: We Butter the Bread With Butter - 13 Wünsche
[2026-05-04 16:39:43] Сейчас: We Butter the Bread With Butter - Das Monster aus dem Schrank
[2026-05-04 16:39:43] [247/2639] ОШИБКА: We Butter the Bread With Butter - Das Monster aus dem Schrank
[2026-05-04 16:39:43] Сейчас: Grimes - Kill V. Maim
[2026-05-04 16:39:44] [248/2639] ОШИБКА: Grimes - Kill V. Maim
[2026-05-04 16:39:44] Сейчас: AIM WIND X - Run
[2026-05-04 16:39:45] [249/2639] ОШИБКА: AIM WIND X - Run
[2026-05-04 16:39:45] Обрабатываем трек 250/2639...
[2026-05-04 16:39:45] Сейчас: Dizelkraft, White Gangster, Judicious Broski - Awesome (ヤバイ)
[2026-05-04 16:39:46] [250/2639] ОШИБКА: Dizelkraft, White Gangster, Judicious Broski - Awesome (ヤバイ)
[2026-05-04 16:39:46] Сейчас: UMBASA - ANTHEM
[2026-05-04 16:39:47] [251/2639] ОШИБКА: UMBASA - ANTHEM
[2026-05-04 16:39:47] Сейчас: Dethklok - Skyhunter
[2026-05-04 16:39:48] [252/2639] ОШИБКА: Dethklok - Skyhunter
[2026-05-04 16:39:48] Сейчас: Edwin Rosen - Vertigo
[2026-05-04 16:39:48] [253/2639] ОШИБКА: Edwin Rosen - Vertigo
[2026-05-04 16:39:48] Сейчас: i61 - Serpantin
[2026-05-04 16:39:49] [254/2639] ОШИБКА: i61 - Serpantin
[2026-05-04 16:39:49] Сейчас: Pierre-Yves Plat, Георг Фридрих Гендель - Suite n°7 en sol mineur, La Passacaille
[2026-05-04 16:39:50] [255/2639] ОШИБКА: Pierre-Yves Plat, Георг Фридрих Гендель - Suite n°7 en sol mineur, La Passacaille
[2026-05-04 16:39:50] Сейчас: Balboa Son - Kylie
[2026-05-04 16:39:51] [256/2639] ОШИБКА: Balboa Son - Kylie
[2026-05-04 16:39:51] Сейчас: HORUS - Бурзум
[2026-05-04 16:39:52] [257/2639] ОШИБКА: HORUS - Бурзум
[2026-05-04 16:39:52] Сейчас: Lil Toe - B.O.M.T
[2026-05-04 16:39:52] [258/2639] ОШИБКА: Lil Toe - B.O.M.T
[2026-05-04 16:39:52] Сейчас: Whitechapel - I, Dementia
[2026-05-04 16:39:53] [259/2639] ОШИБКА: Whitechapel - I, Dementia
[2026-05-04 16:39:53] Сейчас: Bad Omens, HEALTH, SWARM - THE DRAIN
[2026-05-04 16:39:54] [260/2639] ОШИБКА: Bad Omens, HEALTH, SWARM - THE DRAIN
[2026-05-04 16:39:54] Сейчас: Bad Omens, Poppy - V.A.N
[2026-05-04 16:39:55] [261/2639] ОШИБКА: Bad Omens, Poppy - V.A.N
[2026-05-04 16:39:55] Сейчас: Путь - Кости первых
[2026-05-04 16:39:55] [262/2639] ОШИБКА: Путь - Кости первых
[2026-05-04 16:39:55] Сейчас: Behemoth - Blow Your Trumpets Gabriel
[2026-05-04 16:39:56] [263/2639] ОШИБКА: Behemoth - Blow Your Trumpets Gabriel
[2026-05-04 16:39:56] Сейчас: Behemoth - Bartzabel
[2026-05-04 16:39:57] [264/2639] ОШИБКА: Behemoth - Bartzabel
[2026-05-04 16:39:57] Сейчас: Behemoth - The Shit Ov God
[2026-05-04 16:39:58] [265/2639] ОШИБКА: Behemoth - The Shit Ov God
[2026-05-04 16:39:58] Сейчас: Behemoth - Ov Fire And The Void
[2026-05-04 16:39:58] [266/2639] ОШИБКА: Behemoth - Ov Fire And The Void
[2026-05-04 16:39:58] Сейчас: Depeche Mode - But Not Tonight
[2026-05-04 16:39:59] [267/2639] ОШИБКА: Depeche Mode - But Not Tonight
[2026-05-04 16:39:59] Сейчас: Hayley Mary - Chemtrails Over The Country Club
[2026-05-04 16:40:00] [268/2639] ОШИБКА: Hayley Mary - Chemtrails Over The Country Club
[2026-05-04 16:40:00] Сейчас: Academy of St. Martin in the Fields, Sir Neville Marriner, Генри Пёрселл - Purcell: Abdelazer: Rondeau
[2026-05-04 16:40:01] [269/2639] ОШИБКА: Academy of St. Martin in the Fields, Sir Neville Marriner, Генри Пёрселл - Purcell: Abdelazer: Rondeau
[2026-05-04 16:40:01] Сейчас: itgmq Hardstyle - CARAMELLDANSEN
[2026-05-04 16:40:01] [270/2639] ОШИБКА: itgmq Hardstyle - CARAMELLDANSEN
[2026-05-04 16:40:01] Сейчас: BOOKER, CMH, mzlff, Слава КПСС - GDE PAPA LONGMIX
[2026-05-04 16:40:02] [271/2639] ОШИБКА: BOOKER, CMH, mzlff, Слава КПСС - GDE PAPA LONGMIX
[2026-05-04 16:40:02] Сейчас: Schwarzer Engel - Wie viele Jahre
[2026-05-04 16:40:03] [272/2639] ОШИБКА: Schwarzer Engel - Wie viele Jahre
[2026-05-04 16:40:03] Сейчас: Cold Blooded Murder - Nameless Pain
[2026-05-04 16:40:04] [273/2639] ОШИБКА: Cold Blooded Murder - Nameless Pain
[2026-05-04 16:40:04] Сейчас: The Zenith Passage - Algorithmic Salvation
[2026-05-04 16:40:04] [274/2639] ОШИБКА: The Zenith Passage - Algorithmic Salvation
[2026-05-04 16:40:04] Обрабатываем трек 275/2639...
[2026-05-04 16:40:04] Сейчас: Eagles Of Death Metal - Careless Whisper
[2026-05-04 16:40:05] [275/2639] ОШИБКА: Eagles Of Death Metal - Careless Whisper
[2026-05-04 16:40:05] Сейчас: Belore - Storm of an Ancient Age
[2026-05-04 16:40:06] [276/2639] ОШИБКА: Belore - Storm of an Ancient Age
[2026-05-04 16:40:06] Сейчас: Cypecore - Innocent
[2026-05-04 16:40:07] [277/2639] ОШИБКА: Cypecore - Innocent
[2026-05-04 16:40:07] Сейчас: Army Of Lovers - Crucified
[2026-05-04 16:40:07] [278/2639] ОШИБКА: Army Of Lovers - Crucified
[2026-05-04 16:40:07] Сейчас: The Unguided, Zardonic - Phoenix Down
[2026-05-04 16:40:08] [279/2639] ОШИБКА: The Unguided, Zardonic - Phoenix Down
[2026-05-04 16:40:08] Сейчас: The Browning - Blue (Da Ba Dee)
[2026-05-04 16:40:09] [280/2639] ОШИБКА: The Browning - Blue (Da Ba Dee)
[2026-05-04 16:40:09] Сейчас: Sabaton - Carolus Rex
[2026-05-04 16:40:09] [281/2639] ОШИБКА: Sabaton - Carolus Rex
[2026-05-04 16:40:09] Сейчас: CunninLynguists - Stars Shine Brightest (In The Darkest Of Night) F. Rick Warren
[2026-05-04 16:40:10] [282/2639] ОШИБКА: CunninLynguists - Stars Shine Brightest (In The Darkest Of Night) F. Rick Warren
[2026-05-04 16:40:10] Сейчас: Sabaton - Soldier of Heaven
[2026-05-04 16:40:11] [283/2639] ОШИБКА: Sabaton - Soldier of Heaven
[2026-05-04 16:40:11] Сейчас: МАЯК - Капитану печальных прогрессий
[2026-05-04 16:40:12] [284/2639] ОШИБКА: МАЯК - Капитану печальных прогрессий
[2026-05-04 16:40:12] Сейчас: Orquesta Filarmonica de Croacia - Bach G Minor
[2026-05-04 16:40:12] [285/2639] ОШИБКА: Orquesta Filarmonica de Croacia - Bach G Minor
[2026-05-04 16:40:12] Сейчас: Chief Keef - Love Sosa
[2026-05-04 16:40:13] [286/2639] ОШИБКА: Chief Keef - Love Sosa
[2026-05-04 16:40:13] Сейчас: Ho99o9, Ghostemane - Twist Of Fate/ Cobra
[2026-05-04 16:40:14] [287/2639] ОШИБКА: Ho99o9, Ghostemane - Twist Of Fate/ Cobra
[2026-05-04 16:40:14] Сейчас: Егор Летов - Отряд не заметил потери бойца
[2026-05-04 16:40:15] [288/2639] ОШИБКА: Егор Летов - Отряд не заметил потери бойца
[2026-05-04 16:40:15] Сейчас: Гражданская оборона - Долгая счастливая жизнь
[2026-05-04 16:40:15] [289/2639] ОШИБКА: Гражданская оборона - Долгая счастливая жизнь
[2026-05-04 16:40:15] Сейчас: КИНО - Кончится лето
[2026-05-04 16:40:16] [290/2639] ОШИБКА: КИНО - Кончится лето
[2026-05-04 16:40:16] Сейчас: Luude, Colin Hay - Down Under
[2026-05-04 16:40:17] [291/2639] ОШИБКА: Luude, Colin Hay - Down Under
[2026-05-04 16:40:17] Сейчас: The Gentle Waves - Falling From Grace
[2026-05-04 16:40:18] [292/2639] ОШИБКА: The Gentle Waves - Falling From Grace
[2026-05-04 16:40:18] Сейчас: Взрослые мужчины писают сидя - Доктор просто потрогает
[2026-05-04 16:40:18] [293/2639] ОШИБКА: Взрослые мужчины писают сидя - Доктор просто потрогает
[2026-05-04 16:40:18] Сейчас: Gorillaz - On Melancholy Hill
[2026-05-04 16:40:19] [294/2639] ОШИБКА: Gorillaz - On Melancholy Hill
[2026-05-04 16:40:19] Сейчас: Pendulum, Bullet For My Valentine - Halo
[2026-05-04 16:40:20] [295/2639] ОШИБКА: Pendulum, Bullet For My Valentine - Halo
[2026-05-04 16:40:20] Сейчас: Jebroer, Dr Phunk, Lil Texas - Robbery
[2026-05-04 16:40:21] [296/2639] ОШИБКА: Jebroer, Dr Phunk, Lil Texas - Robbery
[2026-05-04 16:40:21] Сейчас: The Butcher Sisters, Mehnersmoos - Bierdurst
[2026-05-04 16:40:21] [297/2639] ОШИБКА: The Butcher Sisters, Mehnersmoos - Bierdurst
[2026-05-04 16:40:21] Сейчас: Sabaton, Peter Tägtgren - Twilight of the Thunder God
[2026-05-04 16:40:22] [298/2639] ОШИБКА: Sabaton, Peter Tägtgren - Twilight of the Thunder God
[2026-05-04 16:40:22] Сейчас: CRASPORE, Chernoburkv - Зима
[2026-05-04 16:40:23] [299/2639] ОШИБКА: CRASPORE, Chernoburkv - Зима
[2026-05-04 16:40:23] Обрабатываем трек 300/2639...
[2026-05-04 16:40:23] Сейчас: Хаски - Я боюсь
[2026-05-04 16:40:24] [300/2639] ОШИБКА: Хаски - Я боюсь
[2026-05-04 16:40:24] Сейчас: Crystal Castles - Crimewave
[2026-05-04 16:40:24] [301/2639] ОШИБКА: Crystal Castles - Crimewave
[2026-05-04 16:40:24] Сейчас: Loqiemean - Good Not Ok
[2026-05-04 16:40:25] [302/2639] ОШИБКА: Loqiemean - Good Not Ok
[2026-05-04 16:40:25] Сейчас: Loqiemean - Прорубь
[2026-05-04 16:40:26] [303/2639] ОШИБКА: Loqiemean - Прорубь
[2026-05-04 16:40:26] Сейчас: Loqiemean - Буду быть v2
[2026-05-04 16:40:27] [304/2639] ОШИБКА: Loqiemean - Буду быть v2
[2026-05-04 16:40:27] Сейчас: Loqiemean - Метаморфоза v2
[2026-05-04 16:40:27] [305/2639] ОШИБКА: Loqiemean - Метаморфоза v2
[2026-05-04 16:40:27] Сейчас: Гражданская оборона - Вселенская большая любовь
[2026-05-04 16:40:28] [306/2639] ОШИБКА: Гражданская оборона - Вселенская большая любовь
[2026-05-04 16:40:28] Сейчас: Psychonaut 4 - The Sun Is Still out of Sight
[2026-05-04 16:40:29] [307/2639] ОШИБКА: Psychonaut 4 - The Sun Is Still out of Sight
[2026-05-04 16:40:29] Сейчас: Lil Texas - Die Young
[2026-05-04 16:40:30] [308/2639] ОШИБКА: Lil Texas - Die Young
[2026-05-04 16:40:30] Сейчас: Kashtanka - Кошмары
[2026-05-04 16:40:31] [309/2639] ОШИБКА: Kashtanka - Кошмары
[2026-05-04 16:40:31] Сейчас: Lil Texas - Die Young
[2026-05-04 16:40:31] [310/2639] ОШИБКА: Lil Texas - Die Young
[2026-05-04 16:40:31] Сейчас: Pendulum - Nothing for Free
[2026-05-04 16:40:32] [311/2639] ОШИБКА: Pendulum - Nothing for Free
[2026-05-04 16:40:32] Сейчас: Чернозём и Звёзды - Гипербореи
[2026-05-04 16:40:33] [312/2639] ОШИБКА: Чернозём и Звёзды - Гипербореи
[2026-05-04 16:40:33] Сейчас: Англия - На разных берегах
[2026-05-04 16:40:34] [313/2639] ОШИБКА: Англия - На разных берегах
[2026-05-04 16:40:34] Сейчас: Несогласие - Меня отпускает
[2026-05-04 16:40:35] [314/2639] ОШИБКА: Несогласие - Меня отпускает
[2026-05-04 16:40:35] Сейчас: Johnny Dynamite and the Bloodsuckers - Bats in the Woods
[2026-05-04 16:40:36] [315/2639] ОШИБКА: Johnny Dynamite and the Bloodsuckers - Bats in the Woods
[2026-05-04 16:40:36] Сейчас: Apashe, INSTASAMKA, Ymir - Uebok
[2026-05-04 16:40:36] [316/2639] ОШИБКА: Apashe, INSTASAMKA, Ymir - Uebok
[2026-05-04 16:40:36] Сейчас: Abandon All Ships - Pedestrians Is Another Word for Speedbump
[2026-05-04 16:40:37] [317/2639] ОШИБКА: Abandon All Ships - Pedestrians Is Another Word for Speedbump
[2026-05-04 16:40:37] Сейчас: Sabaton - 82nd All the Way
[2026-05-04 16:40:38] [318/2639] ОШИБКА: Sabaton - 82nd All the Way
[2026-05-04 16:40:38] Сейчас: Alice In Chains - Man In The Box
[2026-05-04 16:40:39] [319/2639] ОШИБКА: Alice In Chains - Man In The Box
[2026-05-04 16:40:39] Сейчас: Foo Fighters - Everlong
[2026-05-04 16:40:39] [320/2639] ОШИБКА: Foo Fighters - Everlong
[2026-05-04 16:40:39] Сейчас: Пионерлагерь Пыльная Радуга - Ну и ну
[2026-05-04 16:40:40] [321/2639] ОШИБКА: Пионерлагерь Пыльная Радуга - Ну и ну
[2026-05-04 16:40:40] Сейчас: Psychonaut 4 - #Todrinkandtodance
[2026-05-04 16:40:41] [322/2639] ОШИБКА: Psychonaut 4 - #Todrinkandtodance
[2026-05-04 16:40:41] Сейчас: Bewhy - GOTTASADAE
[2026-05-04 16:40:41] [323/2639] ОШИБКА: Bewhy - GOTTASADAE
[2026-05-04 16:40:42] Сейчас: The Stranglers - Golden Brown
[2026-05-04 16:40:42] [324/2639] ОШИБКА: The Stranglers - Golden Brown
[2026-05-04 16:40:42] Обрабатываем трек 325/2639...
[2026-05-04 16:40:42] Сейчас: The Bunny The Bear - Everytime We Touch
[2026-05-04 16:40:43] [325/2639] ОШИБКА: The Bunny The Bear - Everytime We Touch
[2026-05-04 16:40:43] Сейчас: Lead Horizon - Katana
[2026-05-04 16:40:44] [326/2639] ОШИБКА: Lead Horizon - Katana
[2026-05-04 16:40:44] Сейчас: Ne Obliviscaris - As Icicles Fall
[2026-05-04 16:40:45] [327/2639] ОШИБКА: Ne Obliviscaris - As Icicles Fall
[2026-05-04 16:40:45] Сейчас: UNDEAD CORPORATION - Through Your Optic
[2026-05-04 16:40:46] [328/2639] ОШИБКА: UNDEAD CORPORATION - Through Your Optic
[2026-05-04 16:40:46] Сейчас: Soulfly - Jumpdafuckup
[2026-05-04 16:40:46] [329/2639] ОШИБКА: Soulfly - Jumpdafuckup
[2026-05-04 16:40:46] Сейчас: Meshuggah - Bleed
[2026-05-04 16:40:47] [330/2639] ОШИБКА: Meshuggah - Bleed
[2026-05-04 16:40:47] Сейчас: Sepultura - Roots Bloody Roots
[2026-05-04 16:40:48] [331/2639] ОШИБКА: Sepultura - Roots Bloody Roots
[2026-05-04 16:40:48] Сейчас: Consvmer - Weltbild
[2026-05-04 16:40:48] [332/2639] ОШИБКА: Consvmer - Weltbild
[2026-05-04 16:40:48] Сейчас: DEXDBELL - GYMDOWN
[2026-05-04 16:40:49] [333/2639] ОШИБКА: DEXDBELL - GYMDOWN
[2026-05-04 16:40:49] Сейчас: Apashe, Flux Pavilion, Joey Valence & Brae - Fracture
[2026-05-04 16:40:50] [334/2639] ОШИБКА: Apashe, Flux Pavilion, Joey Valence & Brae - Fracture
[2026-05-04 16:40:50] Сейчас: Toundra - Bizancio / Byzantium
[2026-05-04 16:40:51] [335/2639] ОШИБКА: Toundra - Bizancio / Byzantium
[2026-05-04 16:40:51] Сейчас: The Handsome Family - Far from Any Road
[2026-05-04 16:40:52] [336/2639] ОШИБКА: The Handsome Family - Far from Any Road
[2026-05-04 16:40:52] Сейчас: Uada - Natus Eclipsim
[2026-05-04 16:40:52] [337/2639] ОШИБКА: Uada - Natus Eclipsim
[2026-05-04 16:40:52] Сейчас: Каникулы на Марсе - Дедушка
[2026-05-04 16:40:53] [338/2639] ОШИБКА: Каникулы на Марсе - Дедушка
[2026-05-04 16:40:53] Сейчас: MilleniumKid, JBS - Unendlichkeit
[2026-05-04 16:40:54] [339/2639] ОШИБКА: MilleniumKid, JBS - Unendlichkeit
[2026-05-04 16:40:54] Сейчас: MUPP, Tsunami J. - Suicidal Rave
[2026-05-04 16:40:55] [340/2639] ОШИБКА: MUPP, Tsunami J. - Suicidal Rave
[2026-05-04 16:40:55] Сейчас: Life On Venus - Camera Obscura
[2026-05-04 16:40:55] [341/2639] ОШИБКА: Life On Venus - Camera Obscura
[2026-05-04 16:40:55] Сейчас: Sefa - In De Hemel
[2026-05-04 16:40:56] [342/2639] ОШИБКА: Sefa - In De Hemel
[2026-05-04 16:40:56] Сейчас: MRD - flowers of flesh and blood / whiteflower
[2026-05-04 16:40:57] [343/2639] ОШИБКА: MRD - flowers of flesh and blood / whiteflower
[2026-05-04 16:40:57] Сейчас: Ado - unravel
[2026-05-04 16:40:58] [344/2639] ОШИБКА: Ado - unravel
[2026-05-04 16:40:58] Сейчас: Fortxna - 2007
[2026-05-04 16:40:58] [345/2639] ОШИБКА: Fortxna - 2007
[2026-05-04 16:40:58] Сейчас: Party Animals, Dr Rude, Het Tempo Team - Have You Ever Been Mellow
[2026-05-04 16:40:59] [346/2639] ОШИБКА: Party Animals, Dr Rude, Het Tempo Team - Have You Ever Been Mellow
[2026-05-04 16:40:59] Сейчас: D'ort - Lost
[2026-05-04 16:41:00] [347/2639] ОШИБКА: D'ort - Lost
[2026-05-04 16:41:00] Сейчас: Sefa, Dr. Peacock - Everything is a Lie
[2026-05-04 16:41:01] [348/2639] ОШИБКА: Sefa, Dr. Peacock - Everything is a Lie
[2026-05-04 16:41:01] Сейчас: Relianze, D'ort - Extravaganza
[2026-05-04 16:41:01] [349/2639] ОШИБКА: Relianze, D'ort - Extravaganza
[2026-05-04 16:41:01] Обрабатываем трек 350/2639...
[2026-05-04 16:41:01] Сейчас: MRD - whiteflower
[2026-05-04 16:41:02] [350/2639] ОШИБКА: MRD - whiteflower
[2026-05-04 16:41:02] Сейчас: Xavlegbmaofffassssitimiwoamndutroabcwapwaeiippohfffx - Pneumonoultramicroscopicsilicovolcanoconiosis
[2026-05-04 16:41:03] [351/2639] ОШИБКА: Xavlegbmaofffassssitimiwoamndutroabcwapwaeiippohfffx - Pneumonoultramicroscopicsilicovolcanoconiosis
[2026-05-04 16:41:03] Сейчас: sary - Dariya
[2026-05-04 16:41:04] [352/2639] ОШИБКА: sary - Dariya
[2026-05-04 16:41:04] Сейчас: Sabaton - A Ghost in the Trenches
[2026-05-04 16:41:05] [353/2639] ОШИБКА: Sabaton - A Ghost in the Trenches
[2026-05-04 16:41:05] Сейчас: Dark Lunacy, Snowdrifts - Snowdrifts
[2026-05-04 16:41:05] [354/2639] ОШИБКА: Dark Lunacy, Snowdrifts - Snowdrifts
[2026-05-04 16:41:05] Сейчас: DragonForce - My Heart Will Go On
[2026-05-04 16:41:06] [355/2639] ОШИБКА: DragonForce - My Heart Will Go On
[2026-05-04 16:41:06] Сейчас: sary - Oıatpa meni
[2026-05-04 16:41:08] [356/2639] ОШИБКА: sary - Oıatpa meni
[2026-05-04 16:41:08] Сейчас: FGFC820 - Killing Fields
[2026-05-04 16:41:13] [357/2639] ОШИБКА: FGFC820 - Killing Fields
[2026-05-04 16:41:13] Сейчас: Dark Lunacy - Dolls
[2026-05-04 16:41:14] [358/2639] ОШИБКА: Dark Lunacy - Dolls
[2026-05-04 16:41:14] Сейчас: Urethral Defecation - Godless Creation
[2026-05-04 16:41:14] [359/2639] ОШИБКА: Urethral Defecation - Godless Creation
[2026-05-04 16:41:14] Сейчас: Imperanon - Shadowsouls
[2026-05-04 16:41:15] [360/2639] ОШИБКА: Imperanon - Shadowsouls
[2026-05-04 16:41:15] Сейчас: XVII - Tears of My Suicide
[2026-05-04 16:41:16] [361/2639] ОШИБКА: XVII - Tears of My Suicide
[2026-05-04 16:41:16] Сейчас: The Dark Prison Massacre - Despite of Desolation
[2026-05-04 16:41:17] [362/2639] ОШИБКА: The Dark Prison Massacre - Despite of Desolation
[2026-05-04 16:41:17] Сейчас: MRD - Rebel Yell
[2026-05-04 16:41:17] [363/2639] ОШИБКА: MRD - Rebel Yell
[2026-05-04 16:41:17] Сейчас: Staple R - Protegee
[2026-05-04 16:41:18] [364/2639] ОШИБКА: Staple R - Protegee
[2026-05-04 16:41:18] Сейчас: BLACK SCUM - ГNЕВ
[2026-05-04 16:41:19] [365/2639] ОШИБКА: BLACK SCUM - ГNЕВ
[2026-05-04 16:41:19] Сейчас: Terror Reid, Bobby Raps - Kill the Rich
[2026-05-04 16:41:20] [366/2639] ОШИБКА: Terror Reid, Bobby Raps - Kill the Rich
[2026-05-04 16:41:20] Сейчас: VELIAL SQUAD, КАЗУСКОМА - Гипноз
[2026-05-04 16:41:20] [367/2639] ОШИБКА: VELIAL SQUAD, КАЗУСКОМА - Гипноз
[2026-05-04 16:41:20] Сейчас: Paul Mauriat, Иоганнес Брамс - Hungarian dance nº5
[2026-05-04 16:41:21] [368/2639] ОШИБКА: Paul Mauriat, Иоганнес Брамс - Hungarian dance nº5
[2026-05-04 16:41:21] Сейчас: Tevvez - Zeus
[2026-05-04 16:41:22] [369/2639] ОШИБКА: Tevvez - Zeus
[2026-05-04 16:41:22] Сейчас: thrown - on the verge
[2026-05-04 16:41:23] [370/2639] ОШИБКА: thrown - on the verge
[2026-05-04 16:41:23] Сейчас: Snow Strippers - Under Your Spell
[2026-05-04 16:41:23] [371/2639] ОШИБКА: Snow Strippers - Under Your Spell
[2026-05-04 16:41:23] Сейчас: BLACK SCUM - 2 метра в глубину
[2026-05-04 16:41:24] [372/2639] ОШИБКА: BLACK SCUM - 2 метра в глубину
[2026-05-04 16:41:24] Сейчас: Pantera - Floods
[2026-05-04 16:41:25] [373/2639] ОШИБКА: Pantera - Floods
[2026-05-04 16:41:25] Сейчас: Oxxxymiron - Лига Опасного Интернета
[2026-05-04 16:41:26] [374/2639] ОШИБКА: Oxxxymiron - Лига Опасного Интернета
[2026-05-04 16:41:26] Обрабатываем трек 375/2639...
[2026-05-04 16:41:26] Сейчас: REDZED - Junkie
[2026-05-04 16:41:27] [375/2639] ОШИБКА: REDZED - Junkie
[2026-05-04 16:41:27] Сейчас: Jane Air, Smike, Пойманные Муравьеды - Junk
[2026-05-04 16:41:27] [376/2639] ОШИБКА: Jane Air, Smike, Пойманные Муравьеды - Junk
[2026-05-04 16:41:27] Сейчас: Fatal - Born to Lose
[2026-05-04 16:41:28] [377/2639] ОШИБКА: Fatal - Born to Lose
[2026-05-04 16:41:28] Сейчас: Aeon Sable - Dancefloor Satellite
[2026-05-04 16:41:29] [378/2639] ОШИБКА: Aeon Sable - Dancefloor Satellite
[2026-05-04 16:41:29] Сейчас: Deftones - My Own Summer (Shove It)
[2026-05-04 16:41:30] [379/2639] ОШИБКА: Deftones - My Own Summer (Shove It)
[2026-05-04 16:41:30] Сейчас: So This Is Suffering, Misstiq - Moonlight Serenade
[2026-05-04 16:41:30] [380/2639] ОШИБКА: So This Is Suffering, Misstiq - Moonlight Serenade
[2026-05-04 16:41:30] Сейчас: BLACK SCUM, Fatal - E! Blegh!
[2026-05-04 16:41:31] [381/2639] ОШИБКА: BLACK SCUM, Fatal - E! Blegh!
[2026-05-04 16:41:31] Сейчас: Attila - Payback
[2026-05-04 16:41:31] [382/2639] ОШИБКА: Attila - Payback
[2026-05-04 16:41:31] Сейчас: The Dark Prison Massacre - Hate Purgatory
[2026-05-04 16:41:32] [383/2639] ОШИБКА: The Dark Prison Massacre - Hate Purgatory
[2026-05-04 16:41:32] Сейчас: Lifelover - Lethargy
[2026-05-04 16:41:32] [384/2639] ОШИБКА: Lifelover - Lethargy
[2026-05-04 16:41:32] Сейчас: Psychonaut 4 - Hero in (Герой Н)
[2026-05-04 16:41:33] [385/2639] ОШИБКА: Psychonaut 4 - Hero in (Герой Н)
[2026-05-04 16:41:33] Сейчас: Attila - Callout
[2026-05-04 16:41:34] [386/2639] ОШИБКА: Attila - Callout
[2026-05-04 16:41:34] Сейчас: Finntroll - Slaget vid Blodsälv
[2026-05-04 16:41:34] [387/2639] ОШИБКА: Finntroll - Slaget vid Blodsälv
[2026-05-04 16:41:34] Сейчас: Attila - Middle Fingers Up
[2026-05-04 16:41:35] [388/2639] ОШИБКА: Attila - Middle Fingers Up
[2026-05-04 16:41:35] Сейчас: BOOKER - GDE PAPA?
[2026-05-04 16:41:35] [389/2639] ОШИБКА: BOOKER - GDE PAPA?
[2026-05-04 16:41:35] Сейчас: Kenshi Yonezu - IRIS OUT
[2026-05-04 16:41:36] [390/2639] ОШИБКА: Kenshi Yonezu - IRIS OUT
[2026-05-04 16:41:36] Сейчас: Гражданская оборона - Далеко бежит дорога (Впереди веселья много)
[2026-05-04 16:41:37] [391/2639] ОШИБКА: Гражданская оборона - Далеко бежит дорога (Впереди веселья много)
[2026-05-04 16:41:37] Сейчас: Валентин Дядька - Киндер Буэно
[2026-05-04 16:41:37] [392/2639] ОШИБКА: Валентин Дядька - Киндер Буэно
[2026-05-04 16:41:37] Сейчас: Psychonaut 4 - Sterile Nails and Thunderbowels
[2026-05-04 16:41:38] [393/2639] ОШИБКА: Psychonaut 4 - Sterile Nails and Thunderbowels
[2026-05-04 16:41:38] Сейчас: Psychonaut 4 - Out of Mind
[2026-05-04 16:41:38] [394/2639] ОШИБКА: Psychonaut 4 - Out of Mind
[2026-05-04 16:41:38] Сейчас: Psychonaut 4 - Too Late to Call an Ambulance
[2026-05-04 16:41:39] [395/2639] ОШИБКА: Psychonaut 4 - Too Late to Call an Ambulance
[2026-05-04 16:41:39] Сейчас: Psychonaut 4 - Alcoholism
[2026-05-04 16:41:39] [396/2639] ОШИБКА: Psychonaut 4 - Alcoholism
[2026-05-04 16:41:39] Сейчас: BOOKER - ДЖАНК
[2026-05-04 16:41:40] [397/2639] ОШИБКА: BOOKER - ДЖАНК
[2026-05-04 16:41:40] Сейчас: Linkin Park - The Emptiness Machine
[2026-05-04 16:41:40] [398/2639] ОШИБКА: Linkin Park - The Emptiness Machine
[2026-05-04 16:41:40] Сейчас: SAMURAI, Refused - Never Fade Away
[2026-05-04 16:41:41] [399/2639] ОШИБКА: SAMURAI, Refused - Never Fade Away
[2026-05-04 16:41:41] Обрабатываем трек 400/2639...
[2026-05-04 16:41:41] Сейчас: All Fires - Make an Entrance
[2026-05-04 16:41:42] [400/2639] ОШИБКА: All Fires - Make an Entrance
[2026-05-04 16:41:42] Сейчас: BOOKER, МУККА, pyrokinesis - Некуда бежать
[2026-05-04 16:41:42] [401/2639] ОШИБКА: BOOKER, МУККА, pyrokinesis - Некуда бежать
[2026-05-04 16:41:42] Сейчас: Lifelover - M/s salmonella
[2026-05-04 16:41:43] [402/2639] ОШИБКА: Lifelover - M/s salmonella
[2026-05-04 16:41:43] Сейчас: THE GATES - Disco Mefisto
[2026-05-04 16:41:43] [403/2639] ОШИБКА: THE GATES - Disco Mefisto
[2026-05-04 16:41:43] Сейчас: Avenged Sevenfold - Bat Country
[2026-05-04 16:41:44] [404/2639] ОШИБКА: Avenged Sevenfold - Bat Country
[2026-05-04 16:41:44] Сейчас: Dominus Soul, Walkmane - Oblivious Philosophy
[2026-05-04 16:41:44] [405/2639] ОШИБКА: Dominus Soul, Walkmane - Oblivious Philosophy
[2026-05-04 16:41:44] Сейчас: The Police - Every Breath You Take
[2026-05-04 16:41:45] [406/2639] ОШИБКА: The Police - Every Breath You Take
[2026-05-04 16:41:45] Сейчас: Weezer - Buddy Holly
[2026-05-04 16:41:46] [407/2639] ОШИБКА: Weezer - Buddy Holly
[2026-05-04 16:41:46] Сейчас: Слава КПСС, DEAD BLONDE - Космос
[2026-05-04 16:41:46] [408/2639] ОШИБКА: Слава КПСС, DEAD BLONDE - Космос
[2026-05-04 16:41:46] Сейчас: Улица Восток - Запомню
[2026-05-04 16:41:47] [409/2639] ОШИБКА: Улица Восток - Запомню
[2026-05-04 16:41:47] Сейчас: Timo Maas - First Day
[2026-05-04 16:41:47] [410/2639] ОШИБКА: Timo Maas - First Day
[2026-05-04 16:41:47] Сейчас: Daft Punk - Giorgio by Moroder
[2026-05-04 16:41:48] [411/2639] ОШИБКА: Daft Punk - Giorgio by Moroder
[2026-05-04 16:41:48] Сейчас: Falling In Reverse, Marilyn Manson - God Is A Weapon
[2026-05-04 16:41:49] [412/2639] ОШИБКА: Falling In Reverse, Marilyn Manson - God Is A Weapon
[2026-05-04 16:41:49] Сейчас: Lady Gaga - Judas
[2026-05-04 16:41:49] [413/2639] ОШИБКА: Lady Gaga - Judas
[2026-05-04 16:41:49] Сейчас: Dark the Suns - The Sleeping Beauty
[2026-05-04 16:41:50] [414/2639] ОШИБКА: Dark the Suns - The Sleeping Beauty
[2026-05-04 16:41:50] Сейчас: Chris Rea - The Road to Hell Part 2
[2026-05-04 16:41:51] [415/2639] ОШИБКА: Chris Rea - The Road to Hell Part 2
[2026-05-04 16:41:51] Сейчас: Avenged Sevenfold - Unholy Confessions
[2026-05-04 16:41:51] [416/2639] ОШИБКА: Avenged Sevenfold - Unholy Confessions
[2026-05-04 16:41:51] Сейчас: Sylvie Vartan - La Maritza
[2026-05-04 16:41:52] [417/2639] ОШИБКА: Sylvie Vartan - La Maritza
[2026-05-04 16:41:52] Сейчас: Lorien Testard, Alice Duport-Percier - Lumiere
[2026-05-04 16:41:52] [418/2639] ОШИБКА: Lorien Testard, Alice Duport-Percier - Lumiere
[2026-05-04 16:41:52] Сейчас: Creed - One Last Breath
[2026-05-04 16:41:53] [419/2639] ОШИБКА: Creed - One Last Breath
[2026-05-04 16:41:53] Сейчас: Kanye West, Pusha T - Runaway
[2026-05-04 16:41:54] [420/2639] ОШИБКА: Kanye West, Pusha T - Runaway
[2026-05-04 16:41:54] Сейчас: Kanye West - Dark Fantasy
[2026-05-04 16:41:54] [421/2639] ОШИБКА: Kanye West - Dark Fantasy
[2026-05-04 16:41:54] Сейчас: Заточка - Доброе утро, Вьетнам
[2026-05-04 16:41:55] [422/2639] ОШИБКА: Заточка - Доброе утро, Вьетнам
[2026-05-04 16:41:55] Сейчас: Archspire - Carrion Ladder
[2026-05-04 16:41:56] [423/2639] ОШИБКА: Archspire - Carrion Ladder
[2026-05-04 16:41:56] Сейчас: Rosa Walton, Hallie Coggins - I Really Want to Stay at Your House
[2026-05-04 16:41:57] [424/2639] ОШИБКА: Rosa Walton, Hallie Coggins - I Really Want to Stay at Your House
[2026-05-04 16:41:57] Обрабатываем трек 425/2639...
[2026-05-04 16:41:57] Сейчас: Sabaton - Ghost Division
[2026-05-04 16:41:57] [425/2639] ОШИБКА: Sabaton - Ghost Division
[2026-05-04 16:41:57] Сейчас: Паша Техник, LuckyProduction - Заебись
[2026-05-04 16:41:58] [426/2639] ОШИБКА: Паша Техник, LuckyProduction - Заебись
[2026-05-04 16:41:58] Сейчас: THE GATES - You and Me and Eternity
[2026-05-04 16:41:58] [427/2639] ОШИБКА: THE GATES - You and Me and Eternity
[2026-05-04 16:41:58] Сейчас: King Crimson - The Court Of The Crimson King
[2026-05-04 16:41:59] [428/2639] ОШИБКА: King Crimson - The Court Of The Crimson King
[2026-05-04 16:41:59] Сейчас: Dark the Suns - Phoenix
[2026-05-04 16:42:00] [429/2639] ОШИБКА: Dark the Suns - Phoenix
[2026-05-04 16:42:00] Сейчас: The Unguided - When All the Seraphim Cry
[2026-05-04 16:42:00] [430/2639] ОШИБКА: The Unguided - When All the Seraphim Cry
[2026-05-04 16:42:00] Сейчас: Trivium - I Don't Wanna Be Me
[2026-05-04 16:42:01] [431/2639] ОШИБКА: Trivium - I Don't Wanna Be Me
[2026-05-04 16:42:01] Сейчас: Lady Gaga - Bad Romance
[2026-05-04 16:42:02] [432/2639] ОШИБКА: Lady Gaga - Bad Romance
[2026-05-04 16:42:02] Сейчас: NF - PAID MY DUES
[2026-05-04 16:42:02] [433/2639] ОШИБКА: NF - PAID MY DUES
[2026-05-04 16:42:02] Сейчас: Yeah Yeah Yeahs, A-Trak - Heads Will Roll
[2026-05-04 16:42:03] Запрошена остановка...
[2026-05-04 16:42:03] [434/2639] ОШИБКА: Yeah Yeah Yeahs, A-Trak - Heads Will Roll
[2026-05-04 16:42:03] Импорт остановлен пользователем.
[2026-05-04 16:42:03] 
Готово.
[2026-05-04 16:42:03] Плейлист: https://open.spotify.com/playlist/0TqBRtMSsQKpZMFjZgf3ts
[2026-05-04 16:42:03] Обработано: 434/2639
[2026-05-04 16:42:03] Добавлено: 0
[2026-05-04 16:42:03] Не найдено: 434
[2026-05-04 16:42:03] Статус: остановлен пользователем.
[2026-05-04 16:42:03] Сохранен список ненайденных треков: C:\Users\User\Desktop\spot_backup_20260504_142342\not_found.txt
[2026-05-04 16:42:03] Сессия сохранена для продолжения: C:\Users\User\Desktop\spot_backup_20260504_142342\import_session.json
[2026-05-04 16:48:30] Removed cached token: C:\Users\User\Desktop\spot_backup_20260504_142342\.spotify_token_cache
[2026-05-04 16:48:34] Авторизован: Denis Letov (312hv5teusqbiqhir3pcwobmylcu)
[2026-05-04 16:48:34] Тип аккаунта: premium, страна: KZ
[2026-05-04 16:48:45] Авторизован: Denis Letov (312hv5teusqbiqhir3pcwobmylcu)
[2026-05-04 16:48:45] Тип аккаунта: premium, страна: KZ
[2026-05-04 16:48:45] Загружено 2639 треков из: C:\Users\User\Downloads\Текстовый документ.txt
[2026-05-04 16:48:45] Создаем плейлист...
[2026-05-04 16:48:48] Create playlist via /users/{id}/playlists was forbidden. Retrying via /me/playlists...
[2026-05-04 16:48:49] Плейлист создан: https://open.spotify.com/playlist/2wQT7VEt2II7AL8XDoHBL0
[2026-05-04 16:48:49] Начинаем импорт треков...
[2026-05-04 16:48:49] Обрабатываем трек 1/2639...
[2026-05-04 16:48:49] Сейчас: The Chemical Brothers - The Salmon Dance
[2026-05-04 16:48:56] [1/2639] НЕ НАЙДЕН: The Chemical Brothers - The Salmon Dance
[2026-05-04 16:48:56] Сейчас: The Chemical Brothers - Go
[2026-05-04 16:49:04] [2/2639] НЕ НАЙДЕН: The Chemical Brothers - Go
[2026-05-04 16:49:04] Сейчас: Chief Keef, 50 Cent, Wiz Khalifa - Hate Bein' Sober
[2026-05-04 16:49:11] [3/2639] НЕ НАЙДЕН: Chief Keef, 50 Cent, Wiz Khalifa - Hate Bein' Sober
[2026-05-04 16:49:11] Сейчас: Freddie Dredd - Limbo
[2026-05-04 16:49:18] [4/2639] НЕ НАЙДЕН: Freddie Dredd - Limbo
[2026-05-04 16:49:18] Сейчас: Sullivan King - Step Back
[2026-05-04 16:49:24] [5/2639] НЕ НАЙДЕН: Sullivan King - Step Back
[2026-05-04 16:49:24] Сейчас: Crematory - Unspoken
[2026-05-04 16:49:30] [6/2639] НЕ НАЙДЕН: Crematory - Unspoken
[2026-05-04 16:49:30] Сейчас: Pouya, Rocci - It's Over
[2026-05-04 16:49:36] [7/2639] НЕ НАЙДЕН: Pouya, Rocci - It's Over
[2026-05-04 16:49:36] Сейчас: Blade and Bath - Misanthrope
[2026-05-04 16:49:43] [8/2639] НЕ НАЙДЕН: Blade and Bath - Misanthrope
[2026-05-04 16:49:43] Сейчас: Snow Strippers, Lil Uzi Vert - It's A Dream
[2026-05-04 16:49:48] [9/2639] НЕ НАЙДЕН: Snow Strippers, Lil Uzi Vert - It's A Dream
[2026-05-04 16:49:48] Сейчас: Chief Keef, Lil Reese - I Don't Like
[2026-05-04 16:49:54] [10/2639] НЕ НАЙДЕН: Chief Keef, Lil Reese - I Don't Like
[2026-05-04 16:49:54] Сейчас: Lifelover - Androider
[2026-05-04 16:50:00] [11/2639] НЕ НАЙДЕН: Lifelover - Androider
[2026-05-04 16:50:00] Сейчас: Madonna - Sorry
[2026-05-04 16:50:08] [12/2639] НЕ НАЙДЕН: Madonna - Sorry
[2026-05-04 16:50:08] Сейчас: Los Tiburones - Inocente
[2026-05-04 16:50:15] [13/2639] НЕ НАЙДЕН: Los Tiburones - Inocente
[2026-05-04 16:50:15] Сейчас: Snow Strippers - Like To Complicate
[2026-05-04 16:50:22] [14/2639] НЕ НАЙДЕН: Snow Strippers - Like To Complicate
[2026-05-04 16:50:22] Сейчас: Winta - First Move
[2026-05-04 16:50:27] [15/2639] НЕ НАЙДЕН: Winta - First Move
[2026-05-04 16:50:27] Сейчас: Crematory - Unspoken
[2026-05-04 16:50:27] [16/2639] НЕ НАЙДЕН: Crematory - Unspoken
[2026-05-04 16:50:27] Сейчас: White Lies - イズ・マイ・ラヴ・イナフ
[2026-05-04 16:50:33] [17/2639] НЕ НАЙДЕН: White Lies - イズ・マイ・ラヴ・イナフ
[2026-05-04 16:50:33] Сейчас: NENA - Irgendwie, irgendwo, irgendwann
[2026-05-04 16:50:39] [18/2639] НЕ НАЙДЕН: NENA - Irgendwie, irgendwo, irgendwann
[2026-05-04 16:50:39] Сейчас: Lifelover - Mental Central Dialog
[2026-05-04 16:50:46] [19/2639] НЕ НАЙДЕН: Lifelover - Mental Central Dialog
[2026-05-04 16:50:46] Сейчас: Feerix - Chuggy Demon
[2026-05-04 16:50:52] [20/2639] НЕ НАЙДЕН: Feerix - Chuggy Demon
[2026-05-04 16:50:52] Сейчас: Bloodhound Gang - Foxtrot Uniform Charlie Kilo
[2026-05-04 16:50:58] [21/2639] НЕ НАЙДЕН: Bloodhound Gang - Foxtrot Uniform Charlie Kilo
[2026-05-04 16:50:58] Сейчас: Заточка - Не на ту
[2026-05-04 16:51:04] [22/2639] НЕ НАЙДЕН: Заточка - Не на ту
[2026-05-04 16:51:04] Сейчас: Sorry... - Innocence
[2026-05-04 16:51:09] [23/2639] НЕ НАЙДЕН: Sorry... - Innocence
[2026-05-04 16:51:09] Сейчас: Lifelover - Expandera
[2026-05-04 16:51:13] [24/2639] НЕ НАЙДЕН: Lifelover - Expandera
[2026-05-04 16:51:13] Обрабатываем трек 25/2639...
[2026-05-04 16:51:13] Сейчас: Arch Enemy - No Gods, No Masters
[2026-05-04 16:51:18] [25/2639] НЕ НАЙДЕН: Arch Enemy - No Gods, No Masters
[2026-05-04 16:51:18] Сейчас: iday - Cosmotango
[2026-05-04 16:51:23] [26/2639] НЕ НАЙДЕН: iday - Cosmotango
[2026-05-04 16:51:23] Сейчас: plenka, Beneath My Shade - Dusk Till Dawn
[2026-05-04 16:51:28] [27/2639] НЕ НАЙДЕН: plenka, Beneath My Shade - Dusk Till Dawn
[2026-05-04 16:51:28] Сейчас: Igorrr - Cheval
[2026-05-04 16:51:32] [28/2639] НЕ НАЙДЕН: Igorrr - Cheval
[2026-05-04 16:51:32] Сейчас: Kaito Shoma - Claymore
[2026-05-04 16:51:35] Запрошена остановка...
[2026-05-04 16:51:36] [29/2639] НЕ НАЙДЕН: Kaito Shoma - Claymore
[2026-05-04 16:51:36] Импорт остановлен пользователем.
[2026-05-04 16:51:37] 
Готово.
[2026-05-04 16:51:37] Плейлист: https://open.spotify.com/playlist/2wQT7VEt2II7AL8XDoHBL0
[2026-05-04 16:51:37] Обработано: 29/2639
[2026-05-04 16:51:37] Добавлено: 0
[2026-05-04 16:51:37] Не найдено: 29
[2026-05-04 16:51:37] Статус: остановлен пользователем.
[2026-05-04 16:51:37] Сохранен список ненайденных треков: C:\Users\User\Desktop\spot_backup_20260504_142342\not_found.txt
[2026-05-04 16:51:37] Сессия сохранена для продолжения: C:\Users\User\Desktop\spot_backup_20260504_142342\import_session.json
[2026-05-04 16:53:26] Removed cached token: C:\Users\User\Desktop\spot_backup_20260504_142342\.spotify_token_cache
[2026-05-04 16:53:39] Авторизован: Denis Letov (312hv5teusqbiqhir3pcwobmylcu)
[2026-05-04 16:53:39] Тип аккаунта: premium, страна: KZ
[2026-05-04 16:53:50] Авторизован: Denis Letov (312hv5teusqbiqhir3pcwobmylcu)
[2026-05-04 16:53:50] Тип аккаунта: premium, страна: KZ
[2026-05-04 16:53:50] Загружено 2639 треков из: C:\Users\User\Downloads\Текстовый документ.txt
[2026-05-04 16:53:50] Создаем плейлист...
[2026-05-04 16:53:53] Create playlist via /users/{id}/playlists was forbidden. Retrying via /me/playlists...
[2026-05-04 16:53:53] Плейлист создан: https://open.spotify.com/playlist/0pmHvIAKAn6oZqkXpevkcb
[2026-05-04 16:53:53] Начинаем импорт треков...
[2026-05-04 16:53:53] Обрабатываем трек 1/2639...
[2026-05-04 16:53:53] Сейчас: The Chemical Brothers - The Salmon Dance
[2026-05-04 16:53:53] [1/2639] НЕ НАЙДЕН: The Chemical Brothers - The Salmon Dance
[2026-05-04 16:53:53] Сейчас: The Chemical Brothers - Go
[2026-05-04 16:53:53] [2/2639] НЕ НАЙДЕН: The Chemical Brothers - Go
[2026-05-04 16:53:53] Сейчас: Chief Keef, 50 Cent, Wiz Khalifa - Hate Bein' Sober
[2026-05-04 16:53:53] [3/2639] НЕ НАЙДЕН: Chief Keef, 50 Cent, Wiz Khalifa - Hate Bein' Sober
[2026-05-04 16:53:53] Сейчас: Freddie Dredd - Limbo
[2026-05-04 16:53:53] [4/2639] НЕ НАЙДЕН: Freddie Dredd - Limbo
[2026-05-04 16:53:53] Сейчас: Sullivan King - Step Back
[2026-05-04 16:53:53] [5/2639] НЕ НАЙДЕН: Sullivan King - Step Back
[2026-05-04 16:53:53] Сейчас: Crematory - Unspoken
[2026-05-04 16:53:53] [6/2639] НЕ НАЙДЕН: Crematory - Unspoken
[2026-05-04 16:53:53] Сейчас: Pouya, Rocci - It's Over
[2026-05-04 16:53:53] [7/2639] НЕ НАЙДЕН: Pouya, Rocci - It's Over
[2026-05-04 16:53:53] Сейчас: Blade and Bath - Misanthrope
[2026-05-04 16:53:53] [8/2639] НЕ НАЙДЕН: Blade and Bath - Misanthrope
[2026-05-04 16:53:53] Сейчас: Snow Strippers, Lil Uzi Vert - It's A Dream
[2026-05-04 16:53:53] [9/2639] НЕ НАЙДЕН: Snow Strippers, Lil Uzi Vert - It's A Dream
[2026-05-04 16:53:53] Сейчас: Chief Keef, Lil Reese - I Don't Like
[2026-05-04 16:53:53] [10/2639] НЕ НАЙДЕН: Chief Keef, Lil Reese - I Don't Like
[2026-05-04 16:53:53] Сейчас: Lifelover - Androider
[2026-05-04 16:53:53] [11/2639] НЕ НАЙДЕН: Lifelover - Androider
[2026-05-04 16:53:53] Сейчас: Madonna - Sorry
[2026-05-04 16:53:53] [12/2639] НЕ НАЙДЕН: Madonna - Sorry
[2026-05-04 16:53:53] Сейчас: Los Tiburones - Inocente
[2026-05-04 16:53:53] [13/2639] НЕ НАЙДЕН: Los Tiburones - Inocente
[2026-05-04 16:53:53] Сейчас: Snow Strippers - Like To Complicate
[2026-05-04 16:53:53] [14/2639] НЕ НАЙДЕН: Snow Strippers - Like To Complicate
[2026-05-04 16:53:53] Сейчас: Winta - First Move
[2026-05-04 16:53:53] [15/2639] НЕ НАЙДЕН: Winta - First Move
[2026-05-04 16:53:53] Сейчас: Crematory - Unspoken
[2026-05-04 16:53:53] [16/2639] НЕ НАЙДЕН: Crematory - Unspoken
[2026-05-04 16:53:53] Сейчас: White Lies - イズ・マイ・ラヴ・イナフ
[2026-05-04 16:53:53] [17/2639] НЕ НАЙДЕН: White Lies - イズ・マイ・ラヴ・イナフ
[2026-05-04 16:53:53] Сейчас: NENA - Irgendwie, irgendwo, irgendwann
[2026-05-04 16:53:53] [18/2639] НЕ НАЙДЕН: NENA - Irgendwie, irgendwo, irgendwann
[2026-05-04 16:53:54] Сейчас: Lifelover - Mental Central Dialog
[2026-05-04 16:53:54] [19/2639] НЕ НАЙДЕН: Lifelover - Mental Central Dialog
[2026-05-04 16:53:54] Сейчас: Feerix - Chuggy Demon
[2026-05-04 16:53:54] [20/2639] НЕ НАЙДЕН: Feerix - Chuggy Demon
[2026-05-04 16:53:54] Сейчас: Bloodhound Gang - Foxtrot Uniform Charlie Kilo
[2026-05-04 16:53:54] [21/2639] НЕ НАЙДЕН: Bloodhound Gang - Foxtrot Uniform Charlie Kilo
[2026-05-04 16:53:54] Сейчас: Заточка - Не на ту
[2026-05-04 16:53:54] [22/2639] НЕ НАЙДЕН: Заточка - Не на ту
[2026-05-04 16:53:54] Сейчас: Sorry... - Innocence
[2026-05-04 16:53:54] [23/2639] НЕ НАЙДЕН: Sorry... - Innocence
[2026-05-04 16:53:54] Сейчас: Lifelover - Expandera
[2026-05-04 16:53:54] [24/2639] НЕ НАЙДЕН: Lifelover - Expandera
[2026-05-04 16:53:54] Обрабатываем трек 25/2639...
[2026-05-04 16:53:54] Сейчас: Arch Enemy - No Gods, No Masters
[2026-05-04 16:53:54] [25/2639] НЕ НАЙДЕН: Arch Enemy - No Gods, No Masters
[2026-05-04 16:53:54] Сейчас: iday - Cosmotango
[2026-05-04 16:53:54] [26/2639] НЕ НАЙДЕН: iday - Cosmotango
[2026-05-04 16:53:54] Сейчас: plenka, Beneath My Shade - Dusk Till Dawn
[2026-05-04 16:53:54] [27/2639] НЕ НАЙДЕН: plenka, Beneath My Shade - Dusk Till Dawn
[2026-05-04 16:53:54] Сейчас: Igorrr - Cheval
[2026-05-04 16:53:54] [28/2639] НЕ НАЙДЕН: Igorrr - Cheval
[2026-05-04 16:53:54] Сейчас: Kaito Shoma - Claymore
[2026-05-04 16:53:54] [29/2639] НЕ НАЙДЕН: Kaito Shoma - Claymore
[2026-05-04 16:53:54] Сейчас: Syncatto - King
[2026-05-04 16:53:54] [Ошибка] Ошибка импорта: Превышен лимит запросов Spotify API. Подождите и нажмите 'Продолжить после сбоя'.
